###############################################################################
#
# IAR ELF Linker V7.80.2.11947/W32 for ARM                15/Sep/2017  09:59:36
# Copyright 2007-2016 IAR Systems AB.
#
#    Output file  =  
#        D:\workspace\dr002\dr002_suming\v1_board\CORTEX_STM32F103_IAR\Debug\Exe\DR002_STM32_MB.out
#    Map file     =  
#        D:\workspace\dr002\dr002_suming\v1_board\CORTEX_STM32F103_IAR\Debug\List\DR002_STM32_MB.map
#    Command line =  
#        D:\workspace\dr002\dr002_suming\v1_board\CORTEX_STM32F103_IAR\Debug\Obj\ACC_Detect.o
#        D:\workspace\dr002\dr002_suming\v1_board\CORTEX_STM32F103_IAR\Debug\Obj\ATApp.o
#        D:\workspace\dr002\dr002_suming\v1_board\CORTEX_STM32F103_IAR\Debug\Obj\ATProtocol.o
#        D:\workspace\dr002\dr002_suming\v1_board\CORTEX_STM32F103_IAR\Debug\Obj\bma2x2.o
#        D:\workspace\dr002\dr002_suming\v1_board\CORTEX_STM32F103_IAR\Debug\Obj\bma2x2_app.o
#        D:\workspace\dr002\dr002_suming\v1_board\CORTEX_STM32F103_IAR\Debug\Obj\cortexm3_macro.o
#        D:\workspace\dr002\dr002_suming\v1_board\CORTEX_STM32F103_IAR\Debug\Obj\crc_ccitt.o
#        D:\workspace\dr002\dr002_suming\v1_board\CORTEX_STM32F103_IAR\Debug\Obj\delay.o
#        D:\workspace\dr002\dr002_suming\v1_board\CORTEX_STM32F103_IAR\Debug\Obj\Diag_man.o
#        D:\workspace\dr002\dr002_suming\v1_board\CORTEX_STM32F103_IAR\Debug\Obj\diag_task.o
#        D:\workspace\dr002\dr002_suming\v1_board\CORTEX_STM32F103_IAR\Debug\Obj\fsm.o
#        D:\workspace\dr002\dr002_suming\v1_board\CORTEX_STM32F103_IAR\Debug\Obj\gensubs.o
#        D:\workspace\dr002\dr002_suming\v1_board\CORTEX_STM32F103_IAR\Debug\Obj\GPRS.o
#        D:\workspace\dr002\dr002_suming\v1_board\CORTEX_STM32F103_IAR\Debug\Obj\gps.o
#        D:\workspace\dr002\dr002_suming\v1_board\CORTEX_STM32F103_IAR\Debug\Obj\heap_2.o
#        D:\workspace\dr002\dr002_suming\v1_board\CORTEX_STM32F103_IAR\Debug\Obj\int2evt.o
#        D:\workspace\dr002\dr002_suming\v1_board\CORTEX_STM32F103_IAR\Debug\Obj\list.o
#        D:\workspace\dr002\dr002_suming\v1_board\CORTEX_STM32F103_IAR\Debug\Obj\lowpower.o
#        D:\workspace\dr002\dr002_suming\v1_board\CORTEX_STM32F103_IAR\Debug\Obj\main.o
#        D:\workspace\dr002\dr002_suming\v1_board\CORTEX_STM32F103_IAR\Debug\Obj\misc.o
#        D:\workspace\dr002\dr002_suming\v1_board\CORTEX_STM32F103_IAR\Debug\Obj\param.o
#        D:\workspace\dr002\dr002_suming\v1_board\CORTEX_STM32F103_IAR\Debug\Obj\periodic.o
#        D:\workspace\dr002\dr002_suming\v1_board\CORTEX_STM32F103_IAR\Debug\Obj\port.o
#        D:\workspace\dr002\dr002_suming\v1_board\CORTEX_STM32F103_IAR\Debug\Obj\portasm.o
#        D:\workspace\dr002\dr002_suming\v1_board\CORTEX_STM32F103_IAR\Debug\Obj\powerfail.o
#        D:\workspace\dr002\dr002_suming\v1_board\CORTEX_STM32F103_IAR\Debug\Obj\Psync.o
#        D:\workspace\dr002\dr002_suming\v1_board\CORTEX_STM32F103_IAR\Debug\Obj\queue.o
#        D:\workspace\dr002\dr002_suming\v1_board\CORTEX_STM32F103_IAR\Debug\Obj\record_task.o
#        D:\workspace\dr002\dr002_suming\v1_board\CORTEX_STM32F103_IAR\Debug\Obj\regulator.o
#        D:\workspace\dr002\dr002_suming\v1_board\CORTEX_STM32F103_IAR\Debug\Obj\relays.o
#        D:\workspace\dr002\dr002_suming\v1_board\CORTEX_STM32F103_IAR\Debug\Obj\ring_buf.o
#        D:\workspace\dr002\dr002_suming\v1_board\CORTEX_STM32F103_IAR\Debug\Obj\rtos.o
#        D:\workspace\dr002\dr002_suming\v1_board\CORTEX_STM32F103_IAR\Debug\Obj\Sensors.o
#        D:\workspace\dr002\dr002_suming\v1_board\CORTEX_STM32F103_IAR\Debug\Obj\spi_flash.o
#        D:\workspace\dr002\dr002_suming\v1_board\CORTEX_STM32F103_IAR\Debug\Obj\startup_stm32f10x_cl.o
#        D:\workspace\dr002\dr002_suming\v1_board\CORTEX_STM32F103_IAR\Debug\Obj\stm32f10x_adc.o
#        D:\workspace\dr002\dr002_suming\v1_board\CORTEX_STM32F103_IAR\Debug\Obj\stm32f10x_bkp.o
#        D:\workspace\dr002\dr002_suming\v1_board\CORTEX_STM32F103_IAR\Debug\Obj\stm32f10x_dma.o
#        D:\workspace\dr002\dr002_suming\v1_board\CORTEX_STM32F103_IAR\Debug\Obj\stm32f10x_exti.o
#        D:\workspace\dr002\dr002_suming\v1_board\CORTEX_STM32F103_IAR\Debug\Obj\stm32f10x_gpio.o
#        D:\workspace\dr002\dr002_suming\v1_board\CORTEX_STM32F103_IAR\Debug\Obj\stm32f10x_it.o
#        D:\workspace\dr002\dr002_suming\v1_board\CORTEX_STM32F103_IAR\Debug\Obj\stm32f10x_iwdg.o
#        D:\workspace\dr002\dr002_suming\v1_board\CORTEX_STM32F103_IAR\Debug\Obj\stm32f10x_pwr.o
#        D:\workspace\dr002\dr002_suming\v1_board\CORTEX_STM32F103_IAR\Debug\Obj\stm32f10x_rcc.o
#        D:\workspace\dr002\dr002_suming\v1_board\CORTEX_STM32F103_IAR\Debug\Obj\stm32f10x_rtc.o
#        D:\workspace\dr002\dr002_suming\v1_board\CORTEX_STM32F103_IAR\Debug\Obj\stm32f10x_spi.o
#        D:\workspace\dr002\dr002_suming\v1_board\CORTEX_STM32F103_IAR\Debug\Obj\stm32f10x_tim.o
#        D:\workspace\dr002\dr002_suming\v1_board\CORTEX_STM32F103_IAR\Debug\Obj\stm32f10x_usart.o
#        D:\workspace\dr002\dr002_suming\v1_board\CORTEX_STM32F103_IAR\Debug\Obj\str_lib.o
#        D:\workspace\dr002\dr002_suming\v1_board\CORTEX_STM32F103_IAR\Debug\Obj\system.o
#        D:\workspace\dr002\dr002_suming\v1_board\CORTEX_STM32F103_IAR\Debug\Obj\system_stm32f10x.o
#        D:\workspace\dr002\dr002_suming\v1_board\CORTEX_STM32F103_IAR\Debug\Obj\tasks.o
#        D:\workspace\dr002\dr002_suming\v1_board\CORTEX_STM32F103_IAR\Debug\Obj\TelmApp.o
#        D:\workspace\dr002\dr002_suming\v1_board\CORTEX_STM32F103_IAR\Debug\Obj\TelmProtocol.o
#        D:\workspace\dr002\dr002_suming\v1_board\CORTEX_STM32F103_IAR\Debug\Obj\timer.o
#        D:\workspace\dr002\dr002_suming\v1_board\CORTEX_STM32F103_IAR\Debug\Obj\uart.o
#        --redirect _Printf=_PrintfTiny --redirect _Scanf=_ScanfSmall -o
#        D:\workspace\dr002\dr002_suming\v1_board\CORTEX_STM32F103_IAR\Debug\Exe\DR002_STM32_MB.out
#        --map
#        D:\workspace\dr002\dr002_suming\v1_board\CORTEX_STM32F103_IAR\Debug\List\DR002_STM32_MB.map
#        --config
#        D:\workspace\dr002\dr002_suming\v1_board\CORTEX_STM32F103_IAR\..\main_app\Linkfile\STM32F10x_FLASH.icf
#        --entry __iar_program_start --vfe
#
###############################################################################

*******************************************************************************
*** RUNTIME MODEL ATTRIBUTES
***

CppFlavor       = *
__SystemLibrary = DLib


*******************************************************************************
*** PLACEMENT SUMMARY
***

"A0":  place at 0x08002000 { ro section .intvec };
"P1":  place in [from 0x0800212e to 0x0803ffff] { ro };
"P2":  place in [from 0x20000000 to 0x2000ffff] { rw, block CSTACK, block HEAP };
initialize by copy { rw };

  Section            Kind        Address    Size  Object
  -------            ----        -------    ----  ------
"A0":                                      0x150
  .intvec            ro code  0x08002000   0x150  startup_stm32f10x_cl.o [1]
                            - 0x08002150   0x150

"P1":                                     0xedab
  .text              ro code  0x08002150  0x1bbc  ATProtocol.o [1]
  .text              ro code  0x08003d0c   0x95c  uart.o [1]
  .text              ro code  0x08004668   0x1d0  stm32f10x_gpio.o [1]
  .text              ro code  0x08004838   0x50c  relays.o [1]
  .text              ro code  0x08004d44   0x3c4  TelmApp.o [1]
  .text              ro code  0x08005108    0xbc  gensubs.o [1]
  .text              ro code  0x080051c4    0x66  ABImemset.o [4]
  .text              ro code  0x0800522a    0x2c  strncmp.o [3]
  .text              ro code  0x08005256     0xa  xsprout.o [3]
  .text              ro code  0x08005260    0x24  printf.o [3]
  .text              ro code  0x08005284    0x36  strlen.o [4]
  .rodata            const    0x080052ba     0x2  heap_2.o [1]
  .text              ro code  0x080052bc    0x6c  strncpy_unaligned.o [4]
  .text              ro code  0x08005328   0x15a  str_lib.o [1]
  .rodata            const    0x08005482     0x2  param.o [1]
  .text              ro code  0x08005484    0x76  ABImemcpy_unaligned.o [4]
  .text              ro code  0x080054fc   0x880  tasks.o [1]
  .text              ro code  0x08005d7c    0x34  sprintf.o [3]
  .text              ro code  0x08005db0   0xc98  param.o [1]
  .text              ro code  0x08006a48  0x17b0  TelmProtocol.o [1]
  .text              ro code  0x080081f8   0x1b4  stm32f10x_usart.o [1]
  CODE               ro code  0x080083ac    0x7c  portasm.o [1]
  .text              ro code  0x08008428   0x310  stm32f10x_adc.o [1]
  .text              ro code  0x08008738    0x7c  lowpower.o [1]
  .text              ro code  0x080087b4   0x114  system.o [1]
  .text              ro code  0x080088c8   0x156  timer.o [1]
  .text              ro code  0x08008a20   0x314  rtos.o [1]
  .text              ro code  0x08008d34   0x40c  ACC_Detect.o [1]
  .text              ro code  0x08009140   0x2f4  powerfail.o [1]
  .text              ro code  0x08009434   0x3a4  Psync.o [1]
  .text              ro code  0x080097d8   0x2c8  GPRS.o [1]
  .text              ro code  0x08009aa0   0x304  Sensors.o [1]
  .text              ro code  0x08009da4    0x14  Diag_man.o [1]
  .text              ro code  0x08009db8    0x98  stm32f10x_iwdg.o [1]
  .text              ro code  0x08009e50    0xc4  stm32f10x_exti.o [1]
  .text              ro code  0x08009f14    0x90  misc.o [1]
  .text              ro code  0x08009fa4   0x24c  stm32f10x_rcc.o [1]
  .text              ro code  0x0800a1f0    0xa8  stm32f10x_pwr.o [1]
  .text              ro code  0x0800a298   0x558  stm32f10x_rtc.o [1]
  .text              ro code  0x0800a7f0   0x14e  xprintftiny.o [3]
  .text              ro code  0x0800a940    0xbc  port.o [1]
  .text              ro code  0x0800a9fc    0x9c  list.o [1]
  .text              ro code  0x0800aa98    0x62  memcmp_unaligned.o [4]
  .text              ro code  0x0800aafc   0x128  heap_2.o [1]
  .text              ro code  0x0800ac24   0x3b4  spi_flash.o [1]
  .text              ro code  0x0800afd8    0x54  crc_ccitt.o [1]
  .text              ro code  0x0800b02c    0x44  strcpy_unaligned.o [4]
  .text              ro code  0x0800b070  0x11e8  gps.o [1]
  .text              ro code  0x0800c258   0x244  ATApp.o [1]
  .text              ro code  0x0800c49c   0x994  record_task.o [1]
  .text              ro code  0x0800ce30   0x158  diag_task.o [1]
  .text              ro code  0x0800cf88   0x38c  periodic.o [1]
  .text              ro code  0x0800d314    0x48  delay.o [1]
  .text              ro code  0x0800d35c   0x43e  queue.o [1]
  .text              ro code  0x0800d79c   0x408  main.o [1]
  .text              ro code  0x0800dba4   0x180  fsm.o [1]
  .text              ro code  0x0800dd24   0xda4  bma2x2.o [1]
  .text              ro code  0x0800eac8   0x4da  bma2x2_app.o [1]
  .text              ro code  0x0800efa4    0x4c  stm32f10x_bkp.o [1]
  .text              ro code  0x0800eff0    0xd4  stm32f10x_spi.o [1]
  .text              ro code  0x0800f0c4    0x7e  ring_buf.o [1]
  .text              ro code  0x0800f144    0x42  strcmp_unaligned.o [4]
  .text              ro code  0x0800f188     0x6  ABImemclr4.o [4]
  .text              ro code  0x0800f190    0x32  ABImemset48.o [4]
  .rodata            const    0x0800f1c4   0x6c0  ATProtocol.o [1]
  .text              ro code  0x0800f884   0x208  stm32f10x_it.o [1]
  .rodata            const    0x0800fa8c   0x200  crc_ccitt.o [1]
  .text              ro code  0x0800fc8c   0x19c  system_stm32f10x.o [1]
  .rodata            const    0x0800fe28    0xd8  ATProtocol.o [1]
  .text              ro code  0x0800ff00    0x8a  cortexm3_macro.o [1]
  .rodata            const    0x0800ff8c    0x80  rtos.o [1]
  .text              ro code  0x0801000c    0x78  lz77_init_single.o [4]
  .rodata            const    0x08010084    0x4c  TelmProtocol.o [1]
  .rodata            const    0x080100d0    0x48  TelmProtocol.o [1]
  .rodata            const    0x08010118    0x48  TelmProtocol.o [1]
  .rodata            const    0x08010160    0x40  ATProtocol.o [1]
  .rodata            const    0x080101a0    0x40  Psync.o [1]
  .text              ro code  0x080101e0    0x40  zero_init3.o [4]
  .rodata            const    0x08010220    0x34  TelmProtocol.o [1]
  .rodata            const    0x08010254    0x30  param.o [1]
  .rodata            const    0x08010284    0x30  relays.o [1]
  .rodata            const    0x080102b4    0x30  relays.o [1]
  .rodata            const    0x080102e4    0x30  TelmProtocol.o [1]
  .rodata            const    0x08010314    0x2c  powerfail.o [1]
  .rodata            const    0x08010340    0x2c  record_task.o [1]
  .rodata            const    0x0801036c    0x28  Psync.o [1]
  .rodata            const    0x08010394    0x28  TelmProtocol.o [1]
  .text              ro code  0x080103bc    0x28  data_init.o [4]
  .rodata            const    0x080103e4    0x24  ATProtocol.o [1]
  .rodata            const    0x08010408    0x24  periodic.o [1]
  .rodata            const    0x0801042c    0x24  TelmProtocol.o [1]
  .rodata            const    0x08010450    0x24  TelmProtocol.o [1]
  .rodata            const    0x08010474    0x24  TelmProtocol.o [1]
  .iar.init_table    const    0x08010498    0x20  - Linker created -
  .rodata            const    0x080104b8    0x20  diag_task.o [1]
  .rodata            const    0x080104d8    0x20  gps.o [1]
  .rodata            const    0x080104f8    0x20  Psync.o [1]
  .rodata            const    0x08010518    0x20  Psync.o [1]
  .rodata            const    0x08010538    0x20  record_task.o [1]
  .rodata            const    0x08010558    0x20  relays.o [1]
  .rodata            const    0x08010578    0x20  Sensors.o [1]
  .rodata            const    0x08010598    0x20  TelmProtocol.o [1]
  .rodata            const    0x080105b8    0x20  TelmProtocol.o [1]
  .rodata            const    0x080105d8    0x20  TelmProtocol.o [1]
  .rodata            const    0x080105f8    0x20  TelmProtocol.o [1]
  .rodata            const    0x08010618    0x20  TelmProtocol.o [1]
  .rodata            const    0x08010638    0x20  TelmProtocol.o [1]
  .rodata            const    0x08010658    0x1c  ATProtocol.o [1]
  .rodata            const    0x08010674    0x1c  ATProtocol.o [1]
  .rodata            const    0x08010690    0x1c  diag_task.o [1]
  .rodata            const    0x080106ac    0x1c  diag_task.o [1]
  .rodata            const    0x080106c8    0x1c  GPRS.o [1]
  .rodata            const    0x080106e4    0x1c  GPRS.o [1]
  .rodata            const    0x08010700    0x1c  main.o [1]
  .rodata            const    0x0801071c    0x1c  main.o [1]
  .rodata            const    0x08010738    0x1c  main.o [1]
  .rodata            const    0x08010754    0x1c  Psync.o [1]
  .rodata            const    0x08010770    0x1c  TelmProtocol.o [1]
  .rodata            const    0x0801078c    0x1c  TelmProtocol.o [1]
  .text              ro code  0x080107a8    0x1a  cmain.o [4]
  .text              ro code  0x080107c2     0x4  low_level_init.o [3]
  .text              ro code  0x080107c6     0x4  exit.o [3]
  .text              ro code  0x080107cc     0xa  cexit.o [4]
  .text              ro code  0x080107d8     0xc  XXexit.o [4]
  .rodata            const    0x080107e4    0x18  ATProtocol.o [1]
  .rodata            const    0x080107fc    0x18  ATProtocol.o [1]
  .rodata            const    0x08010814    0x18  ATProtocol.o [1]
  .rodata            const    0x0801082c    0x18  diag_task.o [1]
  .rodata            const    0x08010844    0x18  diag_task.o [1]
  .rodata            const    0x0801085c    0x18  diag_task.o [1]
  .rodata            const    0x08010874    0x18  GPRS.o [1]
  .rodata            const    0x0801088c    0x18  main.o [1]
  .rodata            const    0x080108a4    0x18  main.o [1]
  .rodata            const    0x080108bc    0x18  main.o [1]
  .rodata            const    0x080108d4    0x18  Psync.o [1]
  .rodata            const    0x080108ec    0x18  relays.o [1]
  .rodata            const    0x08010904    0x18  relays.o [1]
  .text              ro code  0x0801091c    0x16  xprout.o [3]
  .text              ro code  0x08010934     0xc  putchar.o [3]
  .rodata            const    0x08010940    0x14  ATProtocol.o [1]
  .rodata            const    0x08010954    0x14  ATProtocol.o [1]
  .rodata            const    0x08010968    0x14  diag_task.o [1]
  .rodata            const    0x0801097c    0x14  powerfail.o [1]
  .rodata            const    0x08010990    0x14  tasks.o [1]
  .rodata            const    0x080109a4    0x10  ATProtocol.o [1]
  .rodata            const    0x080109b4    0x10  ATProtocol.o [1]
  .rodata            const    0x080109c4    0x10  ATProtocol.o [1]
  .rodata            const    0x080109d4    0x10  ATProtocol.o [1]
  .rodata            const    0x080109e4    0x10  Psync.o [1]
  .rodata            const    0x080109f4    0x10  rtos.o [1]
  .rodata            const    0x08010a04    0x10  rtos.o [1]
  .rodata            const    0x08010a14    0x10  system.o [1]
  .rodata            const    0x08010a24    0x10  TelmProtocol.o [1]
  .text              ro code  0x08010a34    0x10  startup_stm32f10x_cl.o [1]
  .rodata            const    0x08010a44     0xc  ATProtocol.o [1]
  .rodata            const    0x08010a50     0xc  ATProtocol.o [1]
  .rodata            const    0x08010a5c     0xc  ATProtocol.o [1]
  .rodata            const    0x08010a68     0xc  ATProtocol.o [1]
  .rodata            const    0x08010a74     0xc  ATProtocol.o [1]
  .rodata            const    0x08010a80     0xc  ATProtocol.o [1]
  .rodata            const    0x08010a8c     0xc  ATProtocol.o [1]
  .rodata            const    0x08010a98     0xc  ATProtocol.o [1]
  .rodata            const    0x08010aa4     0xc  relays.o [1]
  .rodata            const    0x08010ab0     0xc  rtos.o [1]
  .rodata            const    0x08010abc     0xc  rtos.o [1]
  .rodata            const    0x08010ac8     0xc  rtos.o [1]
  .rodata            const    0x08010ad4     0xc  rtos.o [1]
  .rodata            const    0x08010ae0     0xc  rtos.o [1]
  .rodata            const    0x08010aec     0xc  rtos.o [1]
  .rodata            const    0x08010af8     0xc  rtos.o [1]
  .rodata            const    0x08010b04     0xc  stm32f10x_rtc.o [1]
  .rodata            const    0x08010b10     0xc  system.o [1]
  .text              ro code  0x08010b1c     0xc  cstartup_M.o [4]
  .rodata            const    0x08010b28     0x8  ATProtocol.o [1]
  .rodata            const    0x08010b30     0x8  ATProtocol.o [1]
  .rodata            const    0x08010b38     0x8  ATProtocol.o [1]
  .rodata            const    0x08010b40     0x8  ATProtocol.o [1]
  .rodata            const    0x08010b48     0x8  ATProtocol.o [1]
  .rodata            const    0x08010b50     0x8  ATProtocol.o [1]
  .rodata            const    0x08010b58     0x8  ATProtocol.o [1]
  .rodata            const    0x08010b60     0x8  ATProtocol.o [1]
  .rodata            const    0x08010b68     0x8  gensubs.o [1]
  .rodata            const    0x08010b70     0x8  gensubs.o [1]
  .rodata            const    0x08010b78     0x8  gps.o [1]
  .rodata            const    0x08010b80     0x8  gps.o [1]
  .rodata            const    0x08010b88     0x8  gps.o [1]
  .rodata            const    0x08010b90     0x8  gps.o [1]
  .rodata            const    0x08010b98     0x8  gps.o [1]
  .rodata            const    0x08010ba0     0x8  gps.o [1]
  .rodata            const    0x08010ba8     0x8  gps.o [1]
  .rodata            const    0x08010bb0     0x8  gps.o [1]
  .rodata            const    0x08010bb8     0x8  Psync.o [1]
  .rodata            const    0x08010bc0     0x8  tasks.o [1]
  .rodata            const    0x08010bc8     0x4  ATProtocol.o [1]
  .rodata            const    0x08010bcc     0x4  diag_task.o [1]
  .rodata            const    0x08010bd0     0x4  gps.o [1]
  .rodata            const    0x08010bd4     0x4  rtos.o [1]
  .rodata            const    0x08010bd8     0x4  system.o [1]
  .text              ro code  0x08010bdc     0x4  startup_stm32f10x_cl.o [1]
  .text              ro code  0x08010be0     0x4  startup_stm32f10x_cl.o [1]
  .text              ro code  0x08010be4     0x4  startup_stm32f10x_cl.o [1]
  .text              ro code  0x08010be8     0x4  startup_stm32f10x_cl.o [1]
  .text              ro code  0x08010bec     0x4  startup_stm32f10x_cl.o [1]
  .text              ro code  0x08010bf0     0x4  startup_stm32f10x_cl.o [1]
  .text              ro code  0x08010bf4     0x4  startup_stm32f10x_cl.o [1]
  .text              ro code  0x08010bf8     0x4  startup_stm32f10x_cl.o [1]
  .text              ro code  0x08010bfc     0x4  startup_stm32f10x_cl.o [1]
  .text              ro code  0x08010c00     0x4  startup_stm32f10x_cl.o [1]
  .text              ro code  0x08010c04     0x4  startup_stm32f10x_cl.o [1]
  .text              ro code  0x08010c08     0x4  startup_stm32f10x_cl.o [1]
  .text              ro code  0x08010c0c     0x4  startup_stm32f10x_cl.o [1]
  .text              ro code  0x08010c10     0x4  startup_stm32f10x_cl.o [1]
  .text              ro code  0x08010c14     0x4  startup_stm32f10x_cl.o [1]
  .text              ro code  0x08010c18     0x4  startup_stm32f10x_cl.o [1]
  .text              ro code  0x08010c1c     0x4  startup_stm32f10x_cl.o [1]
  .text              ro code  0x08010c20     0x4  startup_stm32f10x_cl.o [1]
  .text              ro code  0x08010c24     0x4  startup_stm32f10x_cl.o [1]
  .text              ro code  0x08010c28     0x4  startup_stm32f10x_cl.o [1]
  .text              ro code  0x08010c2c     0x4  startup_stm32f10x_cl.o [1]
  .text              ro code  0x08010c30     0x4  startup_stm32f10x_cl.o [1]
  .text              ro code  0x08010c34     0x4  startup_stm32f10x_cl.o [1]
  .text              ro code  0x08010c38     0x4  startup_stm32f10x_cl.o [1]
  .text              ro code  0x08010c3c     0x4  startup_stm32f10x_cl.o [1]
  .text              ro code  0x08010c40     0x4  startup_stm32f10x_cl.o [1]
  .text              ro code  0x08010c44     0x4  startup_stm32f10x_cl.o [1]
  .text              ro code  0x08010c48     0x4  startup_stm32f10x_cl.o [1]
  .text              ro code  0x08010c4c     0x4  startup_stm32f10x_cl.o [1]
  .text              ro code  0x08010c50     0x4  startup_stm32f10x_cl.o [1]
  .text              ro code  0x08010c54     0x4  startup_stm32f10x_cl.o [1]
  .text              ro code  0x08010c58     0x4  startup_stm32f10x_cl.o [1]
  .text              ro code  0x08010c5c     0x4  startup_stm32f10x_cl.o [1]
  .text              ro code  0x08010c60     0x4  startup_stm32f10x_cl.o [1]
  .text              ro code  0x08010c64     0x4  startup_stm32f10x_cl.o [1]
  .text              ro code  0x08010c68     0x4  startup_stm32f10x_cl.o [1]
  .text              ro code  0x08010c6c     0x4  startup_stm32f10x_cl.o [1]
  .text              ro code  0x08010c70     0x4  startup_stm32f10x_cl.o [1]
  .text              ro code  0x08010c74     0x4  startup_stm32f10x_cl.o [1]
  .text              ro code  0x08010c78     0x4  startup_stm32f10x_cl.o [1]
  .text              ro code  0x08010c7c     0x4  startup_stm32f10x_cl.o [1]
  .text              ro code  0x08010c80     0x4  startup_stm32f10x_cl.o [1]
  .text              ro code  0x08010c84     0x4  startup_stm32f10x_cl.o [1]
  .text              ro code  0x08010c88     0x4  startup_stm32f10x_cl.o [1]
  .text              ro code  0x08010c8c     0x4  startup_stm32f10x_cl.o [1]
  .text              ro code  0x08010c90     0x4  startup_stm32f10x_cl.o [1]
  .text              ro code  0x08010c94     0x4  startup_stm32f10x_cl.o [1]
  .text              ro code  0x08010c98     0x4  startup_stm32f10x_cl.o [1]
  .text              ro code  0x08010c9c     0x4  startup_stm32f10x_cl.o [1]
  .text              ro code  0x08010ca0     0x4  startup_stm32f10x_cl.o [1]
  .text              ro code  0x08010ca4     0x4  startup_stm32f10x_cl.o [1]
  .text              ro code  0x08010ca8     0x4  startup_stm32f10x_cl.o [1]
  .text              ro code  0x08010cac     0x4  startup_stm32f10x_cl.o [1]
  .text              ro code  0x08010cb0     0x4  startup_stm32f10x_cl.o [1]
  .text              ro code  0x08010cb4     0x4  startup_stm32f10x_cl.o [1]
  .text              ro code  0x08010cb8     0x4  startup_stm32f10x_cl.o [1]
  .text              ro code  0x08010cbc     0x4  startup_stm32f10x_cl.o [1]
  .text              ro code  0x08010cc0     0x4  startup_stm32f10x_cl.o [1]
  .text              ro code  0x08010cc4     0x4  startup_stm32f10x_cl.o [1]
  .rodata            const    0x08010cc8     0x0  zero_init3.o [4]
  .rodata            const    0x08010cc8     0x0  lz77_init_single.o [4]
  Initializer bytes  const    0x08010cc8   0x233  <for P2-1>
                            - 0x08010efb  0xedab

"P2", part 1 of 3:                         0x36e
  P2-1                        0x20000000   0x36e  <Init block>
    .data            inited   0x20000000     0x4  ATApp.o [1]
    .data            inited   0x20000004     0x4  ATApp.o [1]
    .data            inited   0x20000008     0x4  ATProtocol.o [1]
    .data            inited   0x2000000c   0x154  ATProtocol.o [1]
    .data            inited   0x20000160     0x4  ATProtocol.o [1]
    .data            inited   0x20000164     0x4  ATProtocol.o [1]
    .data            inited   0x20000168     0x4  ATProtocol.o [1]
    .data            inited   0x2000016c     0x4  ATProtocol.o [1]
    .data            inited   0x20000170     0x4  ATProtocol.o [1]
    .data            inited   0x20000174     0x4  ATProtocol.o [1]
    .data            inited   0x20000178     0x4  ATProtocol.o [1]
    .data            inited   0x2000017c     0x4  ATProtocol.o [1]
    .data            inited   0x20000180     0x4  ATProtocol.o [1]
    .data            inited   0x20000184     0x4  ATProtocol.o [1]
    .data            inited   0x20000188     0x4  ATProtocol.o [1]
    .data            inited   0x2000018c     0x4  ATProtocol.o [1]
    .data            inited   0x20000190     0x4  ATProtocol.o [1]
    .data            inited   0x20000194    0x3c  GPRS.o [1]
    .data            inited   0x200001d0     0x4  gps.o [1]
    .data            inited   0x200001d4    0x20  gps.o [1]
    .data            inited   0x200001f4     0x4  heap_2.o [1]
    .data            inited   0x200001f8    0x14  param.o [1]
    .data            inited   0x2000020c    0x48  param.o [1]
    .data            inited   0x20000254     0x4  port.o [1]
    .data            inited   0x20000258    0x28  powerfail.o [1]
    .data            inited   0x20000280    0x18  record_task.o [1]
    .data            inited   0x20000298     0x8  Sensors.o [1]
    .data            inited   0x200002a0    0x10  stm32f10x_rcc.o [1]
    .data            inited   0x200002b0     0x4  stm32f10x_rcc.o [1]
    .data            inited   0x200002b4     0x4  tasks.o [1]
    .data            inited   0x200002b8    0x18  TelmApp.o [1]
    .data            inited   0x200002d0    0x58  TelmApp.o [1]
    .data            inited   0x20000328    0x40  xfiles.o [3]
    .data            inited   0x20000368     0x2  TelmProtocol.o [1]
    .data            inited   0x2000036a     0x1  ATProtocol.o [1]
    .data            inited   0x2000036b     0x1  GPRS.o [1]
    .data            inited   0x2000036c     0x1  periodic.o [1]
    .data            inited   0x2000036d     0x1  record_task.o [1]
                            - 0x2000036e   0x36e

"P2", part 2 of 3:                         0x418
  .noinit            uninit   0x20000370     0x4  Diag_man.o [1]
  .noinit            uninit   0x20000374     0x4  relays.o [1]
  .noinit            uninit   0x20000378     0x4  rtos.o [1]
  .noinit            uninit   0x2000037c     0x4  system.o [1]
  .noinit            uninit   0x20000380     0x4  system.o [1]
  .noinit            uninit   0x20000384     0x1  relays.o [1]
  .noinit            uninit   0x20000385     0x1  system.o [1]
  .noinit            uninit   0x20000386     0x1  system.o [1]
  CSTACK                      0x20000388   0x400  <Block>
    CSTACK           uninit   0x20000388   0x400  <Block tail>
                            - 0x20000788   0x418

"P2", part 3 of 3:                        0xc050
  .bss               zero     0x20000788  0x5800  heap_2.o [1]
  .bss               zero     0x20005f88  0x13d8  gps.o [1]
  .bss               zero     0x20007360   0xa28  record_task.o [1]
  .bss               zero     0x20007d88   0xa28  record_task.o [1]
  .bss               zero     0x200087b0   0x5dc  ATProtocol.o [1]
  .bss               zero     0x20008d8c   0x5dc  ATProtocol.o [1]
  .bss               zero     0x20009368   0x44c  uart.o [1]
  .bss               zero     0x200097b4   0x3f0  ATProtocol.o [1]
  .bss               zero     0x20009ba4   0x3e8  ATProtocol.o [1]
  .bss               zero     0x20009f8c   0x3e8  TelmProtocol.o [1]
  .bss               zero     0x2000a374   0x3e8  uart.o [1]
  .bss               zero     0x2000a75c   0x2e0  TelmApp.o [1]
  .bss               zero     0x2000aa3c   0x258  record_task.o [1]
  .bss               zero     0x2000ac94   0x258  record_task.o [1]
  .bss               zero     0x2000aeec   0x258  record_task.o [1]
  .bss               zero     0x2000b144   0x258  uart.o [1]
  .bss               zero     0x2000b39c   0x248  Sensors.o [1]
  .bss               zero     0x2000b5e4   0x208  gps.o [1]
  .bss               zero     0x2000b7ec   0x130  ATProtocol.o [1]
  .bss               zero     0x2000b91c    0xc0  Sensors.o [1]
  .bss               zero     0x2000b9dc    0xc0  timer.o [1]
  .bss               zero     0x2000ba9c    0x98  uart.o [1]
  .bss               zero     0x2000bb34    0x98  uart.o [1]
  .bss               zero     0x2000bbcc    0x84  ATProtocol.o [1]
  .bss               zero     0x2000bc50    0x84  TelmProtocol.o [1]
  .bss               zero     0x2000bcd4    0x78  gps.o [1]
  .bss               zero     0x2000bd4c    0x78  gps.o [1]
  .bss               zero     0x2000bdc4    0x78  gps.o [1]
  .bss               zero     0x2000be3c    0x78  record_task.o [1]
  .bss               zero     0x2000beb4    0x78  TelmProtocol.o [1]
  .bss               zero     0x2000bf2c    0x78  TelmProtocol.o [1]
  .bss               zero     0x2000bfa4    0x78  TelmProtocol.o [1]
  .bss               zero     0x2000c01c    0x78  TelmProtocol.o [1]
  .bss               zero     0x2000c094    0x70  uart.o [1]
  .bss               zero     0x2000c104    0x68  ATProtocol.o [1]
  .bss               zero     0x2000c16c    0x64  tasks.o [1]
  .bss               zero     0x2000c1d0    0x64  uart.o [1]
  .bss               zero     0x2000c234    0x50  xfiles.o [3]
  .bss               zero     0x2000c284    0x4c  ACC_Detect.o [1]
  .bss               zero     0x2000c2d0    0x4c  param.o [1]
  .bss               zero     0x2000c31c    0x4c  record_task.o [1]
  .bss               zero     0x2000c368    0x4c  TelmProtocol.o [1]
  .bss               zero     0x2000c3b4    0x48  ATProtocol.o [1]
  .bss               zero     0x2000c3fc    0x30  TelmApp.o [1]
  .bss               zero     0x2000c42c    0x24  param.o [1]
  .bss               zero     0x2000c450    0x24  TelmProtocol.o [1]
  .bss               zero     0x2000c474    0x24  TelmProtocol.o [1]
  .bss               zero     0x2000c498    0x20  param.o [1]
  .bss               zero     0x2000c4b8    0x20  record_task.o [1]
  .bss               zero     0x2000c4d8    0x20  rtos.o [1]
  .bss               zero     0x2000c4f8    0x20  rtos.o [1]
  .bss               zero     0x2000c518    0x1c  rtos.o [1]
  .bss               zero     0x2000c534    0x18  bma2x2_app.o [1]
  .bss               zero     0x2000c54c    0x18  param.o [1]
  .bss               zero     0x2000c564    0x14  ACC_Detect.o [1]
  .bss               zero     0x2000c578    0x14  tasks.o [1]
  .bss               zero     0x2000c58c    0x14  tasks.o [1]
  .bss               zero     0x2000c5a0    0x14  tasks.o [1]
  .bss               zero     0x2000c5b4    0x14  tasks.o [1]
  .bss               zero     0x2000c5c8    0x14  tasks.o [1]
  .bss               zero     0x2000c5dc    0x14  TelmApp.o [1]
  .bss               zero     0x2000c5f0    0x14  uart.o [1]
  .bss               zero     0x2000c604    0x14  uart.o [1]
  .bss               zero     0x2000c618    0x10  ATProtocol.o [1]
  .bss               zero     0x2000c628    0x10  record_task.o [1]
  .bss               zero     0x2000c638    0x10  relays.o [1]
  .bss               zero     0x2000c648     0xc  diag_task.o [1]
  .bss               zero     0x2000c654     0xc  param.o [1]
  .bss               zero     0x2000c660     0xc  Psync.o [1]
  .bss               zero     0x2000c66c     0xc  stm32f10x_rtc.o [1]
  .bss               zero     0x2000c678     0xc  TelmProtocol.o [1]
  .bss               zero     0x2000c684     0x8  ACC_Detect.o [1]
  .bss               zero     0x2000c68c     0x8  ACC_Detect.o [1]
  .bss               zero     0x2000c694     0x8  ATProtocol.o [1]
  .bss               zero     0x2000c69c     0x8  gps.o [1]
  .bss               zero     0x2000c6a4     0x8  gps.o [1]
  .bss               zero     0x2000c6ac     0x8  heap_2.o [1]
  .bss               zero     0x2000c6b4     0x8  heap_2.o [1]
  .bss               zero     0x2000c6bc     0x4  ACC_Detect.o [1]
  .bss               zero     0x2000c6c0     0x4  ACC_Detect.o [1]
  .bss               zero     0x2000c6c4     0x4  ACC_Detect.o [1]
  .bss               zero     0x2000c6c8     0x4  ATApp.o [1]
  .bss               zero     0x2000c6cc     0x4  ATApp.o [1]
  .bss               zero     0x2000c6d0     0x4  ATProtocol.o [1]
  .bss               zero     0x2000c6d4     0x4  ATProtocol.o [1]
  .bss               zero     0x2000c6d8     0x4  ATProtocol.o [1]
  .bss               zero     0x2000c6dc     0x4  bma2x2.o [1]
  .bss               zero     0x2000c6e0     0x4  delay.o [1]
  .bss               zero     0x2000c6e4     0x4  GPRS.o [1]
  .bss               zero     0x2000c6e8     0x4  GPRS.o [1]
  .bss               zero     0x2000c6ec     0x4  gps.o [1]
  .bss               zero     0x2000c6f0     0x4  gps.o [1]
  .bss               zero     0x2000c6f4     0x4  gps.o [1]
  .bss               zero     0x2000c6f8     0x4  gps.o [1]
  .bss               zero     0x2000c6fc     0x4  heap_2.o [1]
  .bss               zero     0x2000c700     0x4  param.o [1]
  .bss               zero     0x2000c704     0x4  periodic.o [1]
  .bss               zero     0x2000c708     0x4  periodic.o [1]
  .bss               zero     0x2000c70c     0x4  periodic.o [1]
  .bss               zero     0x2000c710     0x4  periodic.o [1]
  .bss               zero     0x2000c714     0x4  powerfail.o [1]
  .bss               zero     0x2000c718     0x4  powerfail.o [1]
  .bss               zero     0x2000c71c     0x4  powerfail.o [1]
  .bss               zero     0x2000c720     0x4  powerfail.o [1]
  .bss               zero     0x2000c724     0x4  record_task.o [1]
  .bss               zero     0x2000c728     0x4  relays.o [1]
  .bss               zero     0x2000c72c     0x4  relays.o [1]
  .bss               zero     0x2000c730     0x4  rtos.o [1]
  .bss               zero     0x2000c734     0x4  stm32f10x_adc.o [1]
  .bss               zero     0x2000c738     0x4  stm32f10x_adc.o [1]
  .bss               zero     0x2000c73c     0x4  stm32f10x_iwdg.o [1]
  .bss               zero     0x2000c740     0x4  stm32f10x_rtc.o [1]
  .bss               zero     0x2000c744     0x4  stm32f10x_rtc.o [1]
  .bss               zero     0x2000c748     0x4  system.o [1]
  .bss               zero     0x2000c74c     0x4  tasks.o [1]
  .bss               zero     0x2000c750     0x4  tasks.o [1]
  .bss               zero     0x2000c754     0x4  tasks.o [1]
  .bss               zero     0x2000c758     0x4  tasks.o [1]
  .bss               zero     0x2000c75c     0x4  tasks.o [1]
  .bss               zero     0x2000c760     0x4  tasks.o [1]
  .bss               zero     0x2000c764     0x4  tasks.o [1]
  .bss               zero     0x2000c768     0x4  tasks.o [1]
  .bss               zero     0x2000c76c     0x4  tasks.o [1]
  .bss               zero     0x2000c770     0x4  tasks.o [1]
  .bss               zero     0x2000c774     0x4  tasks.o [1]
  .bss               zero     0x2000c778     0x4  tasks.o [1]
  .bss               zero     0x2000c77c     0x4  tasks.o [1]
  .bss               zero     0x2000c780     0x4  tasks.o [1]
  .bss               zero     0x2000c784     0x4  TelmApp.o [1]
  .bss               zero     0x2000c788     0x2  ACC_Detect.o [1]
  .bss               zero     0x2000c78a     0x2  ACC_Detect.o [1]
  .bss               zero     0x2000c78c     0x2  ACC_Detect.o [1]
  .bss               zero     0x2000c78e     0x2  ACC_Detect.o [1]
  .bss               zero     0x2000c790     0x2  ACC_Detect.o [1]
  .bss               zero     0x2000c792     0x2  ATApp.o [1]
  .bss               zero     0x2000c794     0x2  ATProtocol.o [1]
  .bss               zero     0x2000c796     0x2  ATProtocol.o [1]
  .bss               zero     0x2000c798     0x2  ATProtocol.o [1]
  .bss               zero     0x2000c79a     0x2  ATProtocol.o [1]
  .bss               zero     0x2000c79c     0x2  powerfail.o [1]
  .bss               zero     0x2000c79e     0x2  powerfail.o [1]
  .bss               zero     0x2000c7a0     0x2  powerfail.o [1]
  .bss               zero     0x2000c7a2     0x2  powerfail.o [1]
  .bss               zero     0x2000c7a4     0x2  record_task.o [1]
  .bss               zero     0x2000c7a6     0x2  Sensors.o [1]
  .bss               zero     0x2000c7a8     0x2  stm32f10x_adc.o [1]
  .bss               zero     0x2000c7aa     0x2  stm32f10x_rtc.o [1]
  .bss               zero     0x2000c7ac     0x2  system.o [1]
  .bss               zero     0x2000c7ae     0x2  TelmProtocol.o [1]
  .bss               zero     0x2000c7b0     0x1  ACC_Detect.o [1]
  .bss               zero     0x2000c7b1     0x1  ATProtocol.o [1]
  .bss               zero     0x2000c7b2     0x1  ATProtocol.o [1]
  .bss               zero     0x2000c7b3     0x1  ATProtocol.o [1]
  .bss               zero     0x2000c7b4     0x1  ATProtocol.o [1]
  .bss               zero     0x2000c7b5     0x1  ATProtocol.o [1]
  .bss               zero     0x2000c7b6     0x1  ATProtocol.o [1]
  .bss               zero     0x2000c7b7     0x1  ATProtocol.o [1]
  .bss               zero     0x2000c7b8     0x1  ATProtocol.o [1]
  .bss               zero     0x2000c7b9     0x1  ATProtocol.o [1]
  .bss               zero     0x2000c7ba     0x1  ATProtocol.o [1]
  .bss               zero     0x2000c7bb     0x1  ATProtocol.o [1]
  .bss               zero     0x2000c7bc     0x1  ATProtocol.o [1]
  .bss               zero     0x2000c7bd     0x1  ATProtocol.o [1]
  .bss               zero     0x2000c7be     0x1  ATProtocol.o [1]
  .bss               zero     0x2000c7bf     0x1  Diag_man.o [1]
  .bss               zero     0x2000c7c0     0x1  gps.o [1]
  .bss               zero     0x2000c7c1     0x1  gps.o [1]
  .bss               zero     0x2000c7c2     0x1  lowpower.o [1]
  .bss               zero     0x2000c7c3     0x1  param.o [1]
  .bss               zero     0x2000c7c4     0x1  param.o [1]
  .bss               zero     0x2000c7c5     0x1  periodic.o [1]
  .bss               zero     0x2000c7c6     0x1  record_task.o [1]
  .bss               zero     0x2000c7c7     0x1  record_task.o [1]
  .bss               zero     0x2000c7c8     0x1  record_task.o [1]
  .bss               zero     0x2000c7c9     0x1  record_task.o [1]
  .bss               zero     0x2000c7ca     0x1  record_task.o [1]
  .bss               zero     0x2000c7cb     0x1  relays.o [1]
  .bss               zero     0x2000c7cc     0x1  relays.o [1]
  .bss               zero     0x2000c7cd     0x1  TelmApp.o [1]
  .bss               zero     0x2000c7ce     0x1  TelmApp.o [1]
  .bss               zero     0x2000c7cf     0x1  TelmApp.o [1]
  .bss               zero     0x2000c7d0     0x1  TelmApp.o [1]
  .bss               zero     0x2000c7d1     0x1  TelmApp.o [1]
  .bss               zero     0x2000c7d2     0x1  TelmProtocol.o [1]
  .bss               zero     0x2000c7d3     0x1  TelmProtocol.o [1]
  .bss               zero     0x2000c7d4     0x1  TelmProtocol.o [1]
                            - 0x2000c7d5  0xc04d


*******************************************************************************
*** INIT TABLE
***

          Address     Size
          -------     ----
Zero (__iar_zero_init3)
    1 destination range, total size 0xc04d:
          0x20000788  0xc04d

Copy/lz77 (__iar_lz77_init_single3)
    1 source range, total size 0x233 (64% of destination):
          0x08010cc8   0x233
    1 destination range, total size 0x36e:
          0x20000000   0x36e



*******************************************************************************
*** MODULE SUMMARY
***

    Module                  ro code  ro data  rw data
    ------                  -------  -------  -------
D:\workspace\dr002\dr002_suming\v1_board\CORTEX_STM32F103_IAR\Debug\Obj: [1]
    ACC_Detect.o              1 036               135
    ATApp.o                     580        5       18
    ATProtocol.o              7 100    2 695    6 075
    Diag_man.o                   20                 5
    GPRS.o                      712      118       69
    Psync.o                     932      244       12
    Sensors.o                   772       37      786
    TelmApp.o                   964       72      925
    TelmProtocol.o            6 064      733    1 779
    bma2x2.o                  3 492                 4
    bma2x2_app.o              1 242                24
    cortexm3_macro.o            138
    crc_ccitt.o                  84      512
    delay.o                      72                 4
    diag_task.o                 344      184       12
    fsm.o                       384
    gensubs.o                   188       16
    gps.o                     4 584      123    6 030
    heap_2.o                    296        5   22 552
    list.o                      156
    lowpower.o                  124                 1
    main.o                    1 032      156
    misc.o                      144
    param.o                   3 224      109      278
    periodic.o                  908       37       18
    port.o                      188        2        4
    portasm.o                   124
    powerfail.o                 756       90       64
    queue.o                   1 086
    record_task.o             2 452       92    7 280
    relays.o                  1 292      188       31
    ring_buf.o                  126
    rtos.o                      788      248      100
    spi_flash.o                 948
    startup_stm32f10x_cl.o      588
    stm32f10x_adc.o             784                10
    stm32f10x_bkp.o              76
    stm32f10x_exti.o            196
    stm32f10x_gpio.o            464
    stm32f10x_it.o              520
    stm32f10x_iwdg.o            152                 4
    stm32f10x_pwr.o             168
    stm32f10x_rcc.o             588       13       20
    stm32f10x_rtc.o           1 368       12       22
    stm32f10x_spi.o             212
    stm32f10x_usart.o           436
    str_lib.o                   346
    system.o                    276       32       16
    system_stm32f10x.o          412
    tasks.o                   2 176       31      260
    timer.o                     342               192
    uart.o                    2 396             3 256
    -------------------------------------------------
    Total:                   53 852    5 754   49 986

command line: [2]
    -------------------------------------------------
    Total:

dl7M_tlf.a: [3]
    exit.o                        4
    low_level_init.o              4
    printf.o                     36
    putchar.o                    12
    sprintf.o                    52
    strncmp.o                    44
    xfiles.o                              41      144
    xprintftiny.o               334
    xprout.o                     22
    xsprout.o                    10
    -------------------------------------------------
    Total:                      518       41      144

rt7M_tl.a: [4]
    ABImemclr4.o                  6
    ABImemcpy_unaligned.o       118
    ABImemset.o                 102
    ABImemset48.o                50
    XXexit.o                     12
    cexit.o                      10
    cmain.o                      26
    cstartup_M.o                 12
    data_init.o                  40
    lz77_init_single.o          120
    memcmp_unaligned.o           98
    strcmp_unaligned.o           66
    strcpy_unaligned.o           68
    strlen.o                     54
    strncpy_unaligned.o         108
    zero_init3.o                 64
    -------------------------------------------------
    Total:                      954

    Gaps                         24        4
    Linker created                        32    1 024
-----------------------------------------------------
    Grand Total:             55 348    5 831   51 154


*******************************************************************************
*** ENTRY LIST
***

Entry                      Address    Size  Type      Object
-----                      -------    ----  ----      ------
.iar.init_table$$Base   0x08010498           --   Gb  - Linker created -
.iar.init_table$$Limit  0x080104b8           --   Gb  - Linker created -
?main                   0x080107a9          Code  Gb  cmain.o [4]
ACC_Config              0x2000c564    0x14  Data  Lc  ACC_Detect.o [1]
ACC_Is_Volt_Checking    0x0800907f    0x1a  Code  Gb  ACC_Detect.o [1]
ACC_Set_Source          0x08008dff    0x28  Code  Gb  ACC_Detect.o [1]
ACC_Signal              0x2000c684     0x8  Data  Lc  ACC_Detect.o [1]
ACC_Signal_GetCurrentSignalLevel
                        0x08008de7    0x18  Code  Gb  ACC_Detect.o [1]
ACC_Signal_Monitor      0x08008d35    0xb2  Code  Gb  ACC_Detect.o [1]
ACC_Voltage_Change_Monitor
                        0x08008e27   0x258  Code  Gb  ACC_Detect.o [1]
ACC_Voltage_Change_Monitor::batt_volt
                        0x2000c78c     0x2  Data  Lc  ACC_Detect.o [1]
ACC_Voltage_Change_Monitor::batt_volt_avg
                        0x2000c6c4     0x4  Data  Lc  ACC_Detect.o [1]
ACC_Voltage_Change_Monitor::batt_volt_last
                        0x2000c790     0x2  Data  Lc  ACC_Detect.o [1]
ACC_Voltage_Change_Monitor::batt_volt_latch
                        0x2000c68c     0x8  Data  Lc  ACC_Detect.o [1]
ACC_Voltage_Change_Monitor::batt_volt_max
                        0x2000c788     0x2  Data  Lc  ACC_Detect.o [1]
ACC_Voltage_Change_Monitor::batt_volt_min
                        0x2000c78a     0x2  Data  Lc  ACC_Detect.o [1]
ACC_Voltage_Change_Monitor::latch_index
                        0x2000c6c0     0x4  Data  Lc  ACC_Detect.o [1]
ACC_Voltage_Change_Monitor::period_slice
                        0x2000c6bc     0x4  Data  Lc  ACC_Detect.o [1]
ACC_Voltage_Change_Monitor::volt_index
                        0x2000c78e     0x2  Data  Lc  ACC_Detect.o [1]
ACC_initialize          0x08009099    0x6e  Code  Gb  ACC_Detect.o [1]
ACC_volt_step           0x2000c7b0     0x1  Data  Lc  ACC_Detect.o [1]
ADC1_Initialize         0x08008683    0x94  Code  Gb  stm32f10x_adc.o [1]
ADCPrescTable           0x200002b0     0x4  Data  Lc  stm32f10x_rcc.o [1]
ADC_Cmd                 0x08008549    0x1a  Code  Gb  stm32f10x_adc.o [1]
ADC_DeInit              0x080084df    0x20  Code  Gb  stm32f10x_adc.o [1]
ADC_GetCalibrationStatus
                        0x0800858b    0x14  Code  Gb  stm32f10x_adc.o [1]
ADC_GetConversionValue  0x0800867d     0x6  Code  Gb  stm32f10x_adc.o [1]
ADC_GetResetCalibrationStatus
                        0x0800856d    0x14  Code  Gb  stm32f10x_adc.o [1]
ADC_Init                0x080084ff    0x4a  Code  Gb  stm32f10x_adc.o [1]
ADC_RegularChannelConfig
                        0x080085b9    0xc4  Code  Gb  stm32f10x_adc.o [1]
ADC_ResetCalibration    0x08008563     0xa  Code  Gb  stm32f10x_adc.o [1]
ADC_SoftwareStartConvCmd
                        0x0800859f    0x1a  Code  Gb  stm32f10x_adc.o [1]
ADC_StartCalibration    0x08008581     0xa  Code  Gb  stm32f10x_adc.o [1]
AD_Read                 0x08008481    0x5e  Code  Gb  stm32f10x_adc.o [1]
APBAHBPrescTable        0x200002a0    0x10  Data  Lc  stm32f10x_rcc.o [1]
ATProt_Get_Clock        0x08003c85    0x1e  Code  Gb  ATProtocol.o [1]
ATProt_Get_Imei         0x08003c61    0x10  Code  Gb  ATProtocol.o [1]
ATProt_Get_Imsi         0x08003c71    0x10  Code  Gb  ATProtocol.o [1]
ATProt_Get_Loc          0x08003c39    0x1c  Code  Gb  ATProtocol.o [1]
ATProt_Get_Netreg       0x08003c55     0x8  Code  Gb  ATProtocol.o [1]
ATProt_Power_Status     0x080021fd     0x8  Code  Gb  ATProtocol.o [1]
ATProt_decode_rx        0x08002a5d    0x3e  Code  Gb  ATProtocol.o [1]
ATProt_encode_table     0x0800fe28    0xd8  Data  Lc  ATProtocol.o [1]
AT_Cmd_Info_table       0x0800f1c4   0x6c0  Data  Lc  ATProtocol.o [1]
AT_Cmd_Param            0x2000bbcc    0x84  Data  Gb  ATProtocol.o [1]
AT_Cmd_Tx_State         0x2000c7b1     0x1  Data  Lc  ATProtocol.o [1]
AT_Resp_Rx_State        0x2000c7b2     0x1  Data  Lc  ATProtocol.o [1]
AT_Resp_Timeout         0x2000c6d0     0x4  Data  Lc  ATProtocol.o [1]
AT_Resp_data            0x2000c104    0x68  Data  Lc  ATProtocol.o [1]
AT_Resp_decode_table    0x08010160    0x40  Data  Lc  ATProtocol.o [1]
AT_Tx_ATTEMPS           0x2000036a     0x1  Data  Lc  ATProtocol.o [1]
AT_URC_decode_table     0x2000000c   0x154  Data  Lc  ATProtocol.o [1]
AT_pending_tx_cmd       0x2000c7b3     0x1  Data  Lc  ATProtocol.o [1]
ArrayToUint16           0x08005db1    0x16  Code  Lc  param.o [1]
Assign_Bit              0x08005109    0x40  Code  Gb  gensubs.o [1]
BD_BDGSA_Msg_Decode     0x0800bedd    0x5e  Code  Lc  gps.o [1]
BD_BDGSV_Msg_Decode     0x0800bcd5   0x1a6  Code  Lc  gps.o [1]
BKP_DeInit              0x0800efa5    0x10  Code  Gb  stm32f10x_bkp.o [1]
BKP_ReadBackupRegister  0x0800efd1    0x1a  Code  Gb  stm32f10x_bkp.o [1]
BKP_WriteBackupRegister
                        0x0800efb5    0x1c  Code  Gb  stm32f10x_bkp.o [1]
BMA253_Init             0x0800eb91    0x78  Code  Gb  bma2x2_app.o [1]
BMA253_LowLevel_Init    0x0800eac9    0xc8  Code  Gb  bma2x2_app.o [1]
BMA253_ReadFIFOxyz      0x0800ec09    0x64  Code  Gb  bma2x2_app.o [1]
BMA253_SPI_burst_read   0x0800eec1    0x80  Code  Lc  bma2x2_app.o [1]
BMA253_SPI_bus_read     0x0800ee3d    0x82  Code  Lc  bma2x2_app.o [1]
BMA253_SPI_bus_write    0x0800ef4d    0x46  Code  Lc  bma2x2_app.o [1]
BMA253_SetConfig        0x0800edaf    0x8c  Code  Lc  bma2x2_app.o [1]
BMA253_delay_msek       0x0800ef95     0xe  Code  Lc  bma2x2_app.o [1]
BMA253_fastCompensation
                        0x0800ec6d    0xee  Code  Lc  bma2x2_app.o [1]
Build_Message           0x08008bcd    0x16  Code  Gb  rtos.o [1]
BusFault_Handler        0x0800f89b     0x2  Code  Gb  stm32f10x_it.o [1]
CME_ERROR_String        0x20000160     0x4  Data  Lc  ATProtocol.o [1]
CME_NW_OPENED_String    0x20000164     0x4  Data  Lc  ATProtocol.o [1]
CONNECT_FAIL_String     0x20000170     0x4  Data  Lc  ATProtocol.o [1]
CONNECT_OK_String       0x2000016c     0x4  Data  Lc  ATProtocol.o [1]
CSTACK$$Base            0x20000388           --   Gb  - Linker created -
CSTACK$$Limit           0x20000788           --   Gb  - Linker created -
Callready_String        0x20000188     0x4  Data  Lc  ATProtocol.o [1]
Clear_OTASector         0x08006b43     0xc  Code  Gb  TelmProtocol.o [1]
Conn_Timeout            0x2000c6cc     0x4  Data  Lc  ATApp.o [1]
Conn_Timeout_timer      0x20000000     0x4  Data  Lc  ATApp.o [1]
DEACT_String            0x20000184     0x4  Data  Lc  ATProtocol.o [1]
DECtoStr                0x08005329    0x74  Code  Gb  str_lib.o [1]
DebugMon_Handler        0x0800f8a7     0x2  Code  Gb  stm32f10x_it.o [1]
Diag_Task               0x0800ce31    0x68  Code  Gb  diag_task.o [1]
ERROR_String            0x20000190     0x4  Data  Lc  ATProtocol.o [1]
EXTI0_IRQHandler        0x0800f8a9    0x18  Code  Gb  stm32f10x_it.o [1]
EXTI1_IRQHandler        0x0800f8c1    0x14  Code  Gb  stm32f10x_it.o [1]
EXTI2_IRQHandler        0x0800f8d5    0x18  Code  Gb  stm32f10x_it.o [1]
EXTI9_5_IRQHandler      0x0800f8ed    0x3c  Code  Gb  stm32f10x_it.o [1]
EXTI_ClearITPendingBit  0x08009ef9     0x6  Code  Gb  stm32f10x_exti.o [1]
EXTI_GetITStatus        0x08009ed7    0x22  Code  Gb  stm32f10x_exti.o [1]
EXTI_Init               0x08009e51    0x86  Code  Gb  stm32f10x_exti.o [1]
FSM_Process_CS          0x0800dd05    0x20  Code  Gb  fsm.o [1]
FSM_Process_Evt         0x0800dba5   0x160  Code  Gb  fsm.o [1]
Find_First_Set_Bit      0x08005165    0x58  Code  Gb  gensubs.o [1]
Force_WatchDog_Reset    0x08009e1d    0x22  Code  Gb  stm32f10x_iwdg.o [1]
GNSS_GNRMC_Msg_Decode   0x0800b4d5   0x296  Code  Lc  gps.o [1]
GPIO_EXTILineConfig     0x080047dd    0x4e  Code  Gb  stm32f10x_gpio.o [1]
GPIO_Init               0x08004669    0xc0  Code  Gb  stm32f10x_gpio.o [1]
GPIO_PinRemapConfig     0x0800475d    0x80  Code  Gb  stm32f10x_gpio.o [1]
GPIO_ReadInputDataBit   0x08004729    0x16  Code  Gb  stm32f10x_gpio.o [1]
GPIO_ResetBits          0x08004745     0x6  Code  Gb  stm32f10x_gpio.o [1]
GPIO_SetBits            0x0800473f     0x6  Code  Gb  stm32f10x_gpio.o [1]
GPIO_WriteBit           0x0800474b    0x12  Code  Gb  stm32f10x_gpio.o [1]
GPRS_Get_FMUpgrade_state
                        0x080097eb     0x6  Code  Gb  GPRS.o [1]
GPRS_Get_Telematics_Activation_State
                        0x080097d9     0x6  Code  Gb  GPRS.o [1]
GPRS_Get_Telematics_Module_Pwr_State
                        0x080097e5     0x6  Code  Gb  GPRS.o [1]
GPRS_Module_GoSleep     0x080098a3    0x34  Code  Gb  GPRS.o [1]
GPRS_Set_FMUpgrade_state
                        0x080097f1     0x8  Code  Gb  GPRS.o [1]
GPRS_Set_Telematics_Module_Pwr_State
                        0x080097df     0x6  Code  Gb  GPRS.o [1]
GPRS_server_connected   0x08009a8f    0x12  Code  Gb  GPRS.o [1]
GPS_COM_Initialize      0x0800b21d    0x3e  Code  Lc  gps.o [1]
GPS_Module_Initialization
                        0x0800b40b    0x1e  Code  Lc  gps.o [1]
GPS_Task                0x0800b071    0x86  Code  Gb  gps.o [1]
GPS_Validate_Rx_Frame_Data
                        0x0800b369    0xa2  Code  Lc  gps.o [1]
GPS_update_last         0x0800b1d5    0x48  Code  Lc  gps.o [1]
Get_Activation_Status   0x08005f19     0x8  Code  Gb  param.o [1]
Get_Cold_Start          0x08008a47     0x6  Code  Gb  rtos.o [1]
Get_Config              0x08005fa5    0x14  Code  Gb  param.o [1]
Get_Dev_Start           0x080068b1    0x28  Code  Lc  param.o [1]
Get_Filed_Data_Pointer  0x08005411    0x30  Code  Gb  str_lib.o [1]
Get_GPS_Data_Total_Number
                        0x08006589     0x8  Code  Gb  param.o [1]
Get_GPS_Info            0x08006491    0xf8  Code  Lc  param.o [1]
Get_IP_config           0x0800602f    0x44  Code  Gb  param.o [1]
Get_Last_Trip_Info      0x08006905    0x30  Code  Gb  param.o [1]
Get_Manufacture_Setting
                        0x08005de7    0xb2  Code  Gb  param.o [1]
Get_Next_Data_Len_Before_Comma
                        0x080053f1    0x20  Code  Gb  str_lib.o [1]
Get_OTA_Info            0x08006899    0x18  Code  Gb  param.o [1]
Get_config_data         0x08006073    0x12  Code  Gb  param.o [1]
Get_default_config      0x08005f5f    0x46  Code  Lc  param.o [1]
Gps_Rx_Data_Byte        0x0800b25b   0x10e  Code  Lc  gps.o [1]
Gps_Rx_Data_Byte::first_sync_ch_received
                        0x2000c6f8     0x4  Data  Lc  gps.o [1]
Gps_Rx_Data_Byte::gps_rx_buffer
                        0x2000bdc4    0x78  Data  Lc  gps.o [1]
Gps_Rx_Data_Byte::gps_rx_state
                        0x2000c7c0     0x1  Data  Lc  gps.o [1]
Gps_Rx_Data_Byte::rx_count
                        0x2000c7c1     0x1  Data  Lc  gps.o [1]
Gps_any_received_frames
                        0x0800b491    0x18  Code  Lc  gps.o [1]
Gps_check_receive       0x0800b429    0x68  Code  Lc  gps.o [1]
Gps_received_frame      0x0800b4a9    0x2a  Code  Lc  gps.o [1]
HardFault_Handler       0x0800f887     0xa  Code  Gb  stm32f10x_it.o [1]
IOT_Task                0x080097f9    0x92  Code  Gb  GPRS.o [1]
IPDATA                  0x20008d8c   0x5dc  Data  Lc  ATProtocol.o [1]
IPDataLen               0x2000c79a     0x2  Data  Lc  ATProtocol.o [1]
IP_Send_CallBack_Backup
                        0x2000c6c8     0x4  Data  Lc  ATApp.o [1]
IWDG_Enable             0x08009de3     0xa  Code  Gb  stm32f10x_iwdg.o [1]
IWDG_Init               0x08009ded    0x30  Code  Gb  stm32f10x_iwdg.o [1]
IWDG_ReloadCounter      0x08009dd1    0x12  Code  Gb  stm32f10x_iwdg.o [1]
IWDG_SetPrescaler       0x08009dc1     0x8  Code  Gb  stm32f10x_iwdg.o [1]
IWDG_SetReload          0x08009dc9     0x8  Code  Gb  stm32f10x_iwdg.o [1]
IWDG_WriteAccessCmd     0x08009db9     0x8  Code  Gb  stm32f10x_iwdg.o [1]
Idle_Task               0x08008ae9    0x1a  Code  Lc  rtos.o [1]
Init_Cold_Start_Flag    0x08008a21    0x1e  Code  Gb  rtos.o [1]
Init_Config             0x08005f21    0x3e  Code  Lc  param.o [1]
Init_GPS_Info           0x080063f1     0xc  Code  Lc  param.o [1]
Init_Manufacture_Setting
                        0x08005ddd     0xa  Code  Lc  param.o [1]
Init_OTA_Info           0x0800688d     0xc  Code  Lc  param.o [1]
Init_Param_In_Flash     0x08006961    0x14  Code  Lc  param.o [1]
Is_Leap_Year            0x08005441    0x42  Code  Gb  str_lib.o [1]
LED_Get_Toggle_Period   0x08008883     0x8  Code  Gb  system.o [1]
LED_Set_Toggle_Period   0x0800887b     0x8  Code  Gb  system.o [1]
Led_Period              0x2000c7ac     0x2  Data  Lc  system.o [1]
Load_OTAHeader          0x08006b4f    0x12  Code  Gb  TelmProtocol.o [1]
Load_Param              0x080069b9    0x46  Code  Gb  param.o [1]
Load_Trip_Info          0x08006935    0x10  Code  Lc  param.o [1]
MDG_Clear_Mode          0x08009dab     0x8  Code  Gb  Diag_man.o [1]
MDG_In_Mode             0x08009da5     0x6  Code  Gb  Diag_man.o [1]
Mdg_SW_Upgrage_mode     0x2000c7bf     0x1  Data  Gb  Diag_man.o [1]
MemManage_Handler       0x0800f891     0xa  Code  Gb  stm32f10x_it.o [1]
Micro_Go_Sleep          0x08008789    0x22  Code  Gb  lowpower.o [1]
Micro_Go_Standby        0x08008739    0x50  Code  Gb  lowpower.o [1]
NMEA_GNGGA_Msg_Decode   0x0800ba01   0x130  Code  Lc  gps.o [1]
NMEA_GPGLL_Msg_Decode   0x0800bb31     0x4  Code  Lc  gps.o [1]
NMEA_GPGSA_Msg_Decode   0x0800be81    0x48  Code  Lc  gps.o [1]
NMEA_GPGSV_Msg_Decode   0x0800bb35   0x194  Code  Lc  gps.o [1]
NMEA_GPRMC_Msg_Decode   0x0800b76b   0x296  Code  Lc  gps.o [1]
NMI_Handler             0x0800f885     0x2  Code  Gb  stm32f10x_it.o [1]
NVIC_Init               0x08009f1f    0x5e  Code  Gb  misc.o [1]
NVIC_PriorityGroupConfig
                        0x08009f15     0xa  Code  Gb  misc.o [1]
NVIC_SetVectorTable     0x08009f7d     0xc  Code  Gb  misc.o [1]
OK_String               0x20000168     0x4  Data  Lc  ATProtocol.o [1]
OS_Activate_Task        0x08008a7b    0x2c  Code  Gb  rtos.o [1]
OS_Clr_Start_Flag       0x08008cdf     0x8  Code  Gb  rtos.o [1]
OS_Cold_Start           0x20000378     0x4  Data  Gb  rtos.o [1]
OS_Create_Task          0x08008aa7    0x42  Code  Lc  rtos.o [1]
OS_Get_Resource         0x08008c13     0xa  Code  Gb  rtos.o [1]
OS_Init                 0x08008a4d    0x2e  Code  Gb  rtos.o [1]
OS_Is_Started           0x08008cd9     0x6  Code  Gb  rtos.o [1]
OS_Receive_Message      0x08008b73    0x2e  Code  Gb  rtos.o [1]
OS_Release_Resource     0x08008c4d    0x30  Code  Gb  rtos.o [1]
OS_Release_Resource_From_ISR
                        0x08008c7d    0x44  Code  Gb  rtos.o [1]
OS_Send_Message         0x08008b0b    0x34  Code  Gb  rtos.o [1]
OS_Send_Message_FromISR
                        0x08008b3f    0x34  Code  Gb  rtos.o [1]
OS_Sleep                0x08008cc1    0x18  Code  Gb  rtos.o [1]
OS_Start                0x08008b03     0x8  Code  Gb  rtos.o [1]
OS_Wait_Message         0x08008ba1    0x2c  Code  Gb  rtos.o [1]
OS_Wait_Resource        0x08008c1d    0x30  Code  Gb  rtos.o [1]
POWERDOWN_String        0x2000018c     0x4  Data  Lc  ATProtocol.o [1]
PS_AWAKE_               0x08010518    0x20  Data  Gb  Psync.o [1]
PS_Awake                0x080096fd    0x1e  Code  Gb  Psync.o [1]
PS_ENG_ON_              0x080108d4    0x18  Data  Gb  Psync.o [1]
PS_Get_Current_State    0x0800975d     0x6  Code  Gb  Psync.o [1]
PS_Get_Flag             0x0800979d     0xe  Code  Gb  Psync.o [1]
PS_Get_Last_State       0x08009769     0x6  Code  Gb  Psync.o [1]
PS_IDLE_                0x08010bb8     0x8  Data  Gb  Psync.o [1]
PS_Initialize           0x08009435    0x38  Code  Gb  Psync.o [1]
PS_Logical_Ignition_On  0x080097ab     0x6  Code  Gb  Psync.o [1]
PS_ROOT_                0x080109e4    0x10  Data  Gb  Psync.o [1]
PS_Running              0x0800971b    0x14  Code  Gb  Psync.o [1]
PS_Set_Current_State    0x08009757     0x6  Code  Gb  Psync.o [1]
PS_Set_Flag             0x0800976f    0x2e  Code  Gb  Psync.o [1]
PS_Set_Ignition         0x0800972f    0x28  Code  Gb  Psync.o [1]
PS_Set_Last_State       0x08009763     0x6  Code  Gb  Psync.o [1]
PS_Set_Logical_IGN_State
                        0x080097b1     0x6  Code  Lc  Psync.o [1]
PWR_BackupAccessCmd     0x0800a1f1     0x8  Code  Gb  stm32f10x_pwr.o [1]
PWR_ClearFlag           0x0800a275     0xe  Code  Gb  stm32f10x_pwr.o [1]
PWR_EnterSTANDBYMode    0x0800a237    0x28  Code  Gb  stm32f10x_pwr.o [1]
PWR_EnterSTOPMode       0x0800a201    0x36  Code  Gb  stm32f10x_pwr.o [1]
PWR_GetFlagStatus       0x0800a25f    0x16  Code  Gb  stm32f10x_pwr.o [1]
PWR_WakeUpPinCmd        0x0800a1f9     0x8  Code  Gb  stm32f10x_pwr.o [1]
Periodic_Clear_Low_Volt_Cnt
                        0x0800d2d7     0x8  Code  Gb  periodic.o [1]
Periodic_Get_GPS_Fixed  0x0800d2ed     0x6  Code  Gb  periodic.o [1]
Periodic_Set_GPS_Fixed  0x0800d2df     0xe  Code  Lc  periodic.o [1]
Periodic_Task           0x0800cf89    0xcc  Code  Gb  periodic.o [1]
Periodic_Tick           0x0800d055    0x24  Code  Gb  periodic.o [1]
Psync_Task              0x0800946d    0x78  Code  Gb  Psync.o [1]
Pwr_Charge_Monitor      0x0800937f    0x5e  Code  Gb  powerfail.o [1]
Pwr_Charge_Monitor::period_slice
                        0x2000c720     0x4  Data  Lc  powerfail.o [1]
Pwr_Charge_Monitor::vol_int
                        0x2000c7a2     0x2  Data  Lc  powerfail.o [1]
Pwr_Fail_AD_get_Int_Voltage
                        0x080091a9    0x24  Code  Gb  powerfail.o [1]
Pwr_Fail_AD_get_Voltage
                        0x08009185    0x24  Code  Gb  powerfail.o [1]
Pwr_Fail_Check_Voltage  0x080091d9    0x84  Code  Gb  powerfail.o [1]
Pwr_Fail_Check_Voltage::period_slice
                        0x2000c71c     0x4  Data  Lc  powerfail.o [1]
Pwr_Fail_Get_Int_Voltage
                        0x080091d3     0x6  Code  Gb  powerfail.o [1]
Pwr_Fail_Get_Voltage    0x080091cd     0x6  Code  Gb  powerfail.o [1]
Pwr_Fail_Is_Int_Battery
                        0x080093ef    0x1a  Code  Gb  powerfail.o [1]
Pwr_Fail_Is_Reset_Condition
                        0x0800933b    0x1a  Code  Gb  powerfail.o [1]
Pwr_Fail_Is_Shutdown    0x08009355    0x2a  Code  Gb  powerfail.o [1]
Pwr_Fail_Monitor        0x08009141    0x44  Code  Gb  powerfail.o [1]
Pwr_Fail_Voltage_Hysteresis
                        0x0800925d    0xde  Code  Lc  powerfail.o [1]
Pwr_Is_Charge_Request   0x080093dd    0x12  Code  Gb  powerfail.o [1]
RCC_ADCCLKConfig        0x08009fa5    0x12  Code  Gb  stm32f10x_rcc.o [1]
RCC_APB1PeriphClockCmd  0x0800a11f    0x20  Code  Gb  stm32f10x_rcc.o [1]
RCC_APB2PeriphClockCmd  0x0800a0ff    0x20  Code  Gb  stm32f10x_rcc.o [1]
RCC_APB2PeriphResetCmd  0x0800a13f    0x20  Code  Gb  stm32f10x_rcc.o [1]
RCC_BackupResetCmd      0x0800a15f     0x8  Code  Gb  stm32f10x_rcc.o [1]
RCC_ClearFlag           0x0800a1a5     0xe  Code  Gb  stm32f10x_rcc.o [1]
RCC_GetClocksFreq       0x08009ffd   0x102  Code  Gb  stm32f10x_rcc.o [1]
RCC_GetFlagStatus       0x0800a167    0x3e  Code  Gb  stm32f10x_rcc.o [1]
RCC_LSEConfig           0x08009fb7    0x2a  Code  Gb  stm32f10x_rcc.o [1]
RCC_LSICmd              0x08009fe1     0x8  Code  Gb  stm32f10x_rcc.o [1]
RCC_RTCCLKCmd           0x08009ff5     0x8  Code  Gb  stm32f10x_rcc.o [1]
RCC_RTCCLKConfig        0x08009fe9     0xc  Code  Gb  stm32f10x_rcc.o [1]
READY_String            0x20000180     0x4  Data  Lc  ATProtocol.o [1]
REMOTE_CLOSE_String     0x20000178     0x4  Data  Lc  ATProtocol.o [1]
RL_Force_Sleep          0x08004ba7     0xc  Code  Gb  relays.o [1]
RL_Start_GPRS           0x0800498d    0x1e  Code  Lc  relays.o [1]
RL_Start_GPS            0x080049ab    0x1e  Code  Lc  relays.o [1]
RTCAlarm_IRQHandler     0x0800fa11    0x68  Code  Gb  stm32f10x_it.o [1]
RTC_ClearITPendingBit   0x0800a3ab    0x12  Code  Gb  stm32f10x_rtc.o [1]
RTC_Config              0x0800a3bd   0x120  Code  Gb  stm32f10x_rtc.o [1]
RTC_EnterConfigMode     0x0800a2c1    0x12  Code  Gb  stm32f10x_rtc.o [1]
RTC_ExitConfigMode      0x0800a2d3    0x14  Code  Gb  stm32f10x_rtc.o [1]
RTC_Get                 0x0800a5f9   0x1aa  Code  Gb  stm32f10x_rtc.o [1]
RTC_Get::daycnt         0x2000c7aa     0x2  Data  Lc  stm32f10x_rtc.o [1]
RTC_GetCounter          0x0800a2e7    0x1a  Code  Gb  stm32f10x_rtc.o [1]
RTC_GetITStatus         0x0800a383    0x28  Code  Gb  stm32f10x_rtc.o [1]
RTC_IRQHandler          0x0800fa79    0x14  Code  Gb  stm32f10x_it.o [1]
RTC_ITConfig            0x0800a299    0x28  Code  Gb  stm32f10x_rtc.o [1]
RTC_Set                 0x0800a4dd   0x11c  Code  Gb  stm32f10x_rtc.o [1]
RTC_SetAlarm            0x0800a33d    0x1c  Code  Gb  stm32f10x_rtc.o [1]
RTC_SetCounter          0x0800a301    0x1c  Code  Gb  stm32f10x_rtc.o [1]
RTC_SetPrescaler        0x0800a31d    0x20  Code  Gb  stm32f10x_rtc.o [1]
RTC_WaitForLastTask     0x0800a359     0xc  Code  Gb  stm32f10x_rtc.o [1]
RTC_WaitForSynchro      0x0800a365    0x1e  Code  Gb  stm32f10x_rtc.o [1]
Read_Bit_Subr           0x08005149    0x1c  Code  Gb  gensubs.o [1]
Read_GPS_Data           0x080067e1    0xac  Code  Gb  param.o [1]
Record_Task             0x0800c49d    0xa6  Code  Gb  record_task.o [1]
Region$$Table$$Base     0x08010498           --   Gb  - Linker created -
Region$$Table$$Limit    0x080104b8           --   Gb  - Linker created -
Relays_Task             0x080048e7    0x4e  Code  Gb  relays.o [1]
Reset_default_config    0x08006085     0xc  Code  Gb  param.o [1]
Response_Timeout_timer  0x20000008     0x4  Data  Lc  ATProtocol.o [1]
Restart                 0x080087c5    0x1e  Code  Gb  system.o [1]
Restart::do_warm        0x2000c748     0x4  Data  Lc  system.o [1]
Ring_Buf_Add            0x0800f0f1    0x2c  Code  Gb  ring_buf.o [1]
Ring_Buf_Is_Empty       0x0800f0d5    0x18  Code  Gb  ring_buf.o [1]
Ring_Buf_Is_Full        0x0800f0ed     0x4  Code  Gb  ring_buf.o [1]
Ring_Buf_Remove         0x0800f11d    0x26  Code  Gb  ring_buf.o [1]
Ring_Buf_Reset          0x0800f0c5    0x10  Code  Gb  ring_buf.o [1]
SEND_OK_String          0x2000017c     0x4  Data  Lc  ATProtocol.o [1]
SHUT_OK_String          0x20000174     0x4  Data  Lc  ATProtocol.o [1]
SMS_back_data           0x2000b7ec   0x130  Data  Lc  ATProtocol.o [1]
SPI2_IRQHandler         0x0800f9e1    0x1a  Code  Gb  stm32f10x_it.o [1]
SPI_Cmd                 0x0800f02f    0x1c  Code  Gb  stm32f10x_spi.o [1]
SPI_I2S_GetFlagStatus   0x0800f079    0x14  Code  Gb  stm32f10x_spi.o [1]
SPI_I2S_GetITStatus     0x0800f08d    0x38  Code  Gb  stm32f10x_spi.o [1]
SPI_I2S_ITConfig        0x0800f04b    0x26  Code  Gb  stm32f10x_spi.o [1]
SPI_I2S_ReceiveData     0x0800f075     0x4  Code  Gb  stm32f10x_spi.o [1]
SPI_I2S_SendData        0x0800f071     0x4  Code  Gb  stm32f10x_spi.o [1]
SPI_Init                0x0800eff1    0x3e  Code  Gb  stm32f10x_spi.o [1]
SPI_WRITE_STRING        0x0800ed5b    0x54  Code  Lc  bma2x2_app.o [1]
SY_Hwid                 0x080087b9     0x4  Code  Gb  system.o [1]
SY_Sw_Date              0x080087bd     0x4  Code  Gb  system.o [1]
SY_Sw_Version           0x080087c1     0x4  Code  Gb  system.o [1]
SY_Swid                 0x080087b5     0x4  Code  Gb  system.o [1]
Save_Param              0x08006975    0x44  Code  Gb  param.o [1]
Sensor_Task             0x08009c49    0x4e  Code  Gb  Sensors.o [1]
Sensor_crash_data       0x08009c97    0x10  Code  Gb  Sensors.o [1]
Sensors_LowLevel_Init   0x08009b9f    0x44  Code  Lc  Sensors.o [1]
Sensors_ODR_Config      0x08009c05    0x22  Code  Lc  Sensors.o [1]
Sensors_Range_Config    0x08009c27    0x22  Code  Lc  Sensors.o [1]
Sensors_Threshold_Config
                        0x08009be3    0x22  Code  Lc  Sensors.o [1]
Sensors_crash_reset     0x08009d89    0x1c  Code  Gb  Sensors.o [1]
Sensors_fifo_full_intr_enable
                        0x08009d1d    0x36  Code  Lc  Sensors.o [1]
Sensors_init            0x08009aa1    0x22  Code  Gb  Sensors.o [1]
Sensors_reset_intr      0x08009d53    0x36  Code  Lc  Sensors.o [1]
Sensors_set_high_g_intr_enable
                        0x08009cc1    0x5c  Code  Lc  Sensors.o [1]
SetSysClock             0x0800fcf1     0x8  Code  Lc  system_stm32f10x.o [1]
SetSysClockTo24         0x0800fcf9   0x108  Code  Lc  system_stm32f10x.o [1]
Set_Activation_Status   0x08005ef9    0x20  Code  Gb  param.o [1]
Set_Config              0x08005fb9    0x76  Code  Gb  param.o [1]
Set_Dev_Start           0x080068d9    0x1c  Code  Lc  param.o [1]
Set_GPS_Data_Next_Read_Pointer
                        0x080066c9   0x118  Code  Gb  param.o [1]
Set_GPS_Info            0x08006591    0x24  Code  Lc  param.o [1]
Set_Last_GPS_uploader   0x08006a05     0x6  Code  Gb  param.o [1]
Set_Last_Trip_Info      0x080068f5    0x10  Code  Gb  param.o [1]
Set_Manufacture_Setting
                        0x08005e99    0x60  Code  Lc  param.o [1]
Set_Wkup_Enable         0x080087ab     0x6  Code  Gb  lowpower.o [1]
Set_warm_Start          0x08008a3f     0x8  Code  Gb  rtos.o [1]
Store_Trip_Info         0x08006945    0x10  Code  Lc  param.o [1]
StrtoHex                0x0800539d    0x54  Code  Gb  str_lib.o [1]
Switch_GPS_Sturcture_data_to_log
                        0x080063fd    0x94  Code  Gb  param.o [1]
Sys_Clear_2G_Wakeup_Flag
                        0x080087e3     0x8  Code  Gb  system.o [1]
Sys_Clear_Int_battery_Flag
                        0x0800888b     0x8  Code  Gb  system.o [1]
Sys_Clear_Standby_Req_Flag
                        0x08008853     0x8  Code  Gb  system.o [1]
Sys_Clear_Wakeup_Src_Flags
                        0x0800884b     0x8  Code  Gb  system.o [1]
Sys_Get_Int_battery_Flag
                        0x0800889b     0x6  Code  Gb  system.o [1]
Sys_Get_Standby_Req_Flag
                        0x08008863     0x6  Code  Gb  system.o [1]
Sys_Get_Wakeup_Src_Flags
                        0x08008845     0x6  Code  Gb  system.o [1]
Sys_HWID                0x08010bd8     0x4  Data  Gb  system.o [1]
Sys_Is_Gsensor_Wakeup   0x080087f9     0xa  Code  Gb  system.o [1]
Sys_Is_RTC_Deep_Wakeup  0x0800881f     0xa  Code  Gb  system.o [1]
Sys_Req_Enter_Deep_Standby
                        0x08008869    0x12  Code  Gb  system.o [1]
Sys_SWID                0x08010a14    0x10  Data  Gb  system.o [1]
Sys_SW_Date             0x08010b10     0xc  Data  Gb  system.o [1]
Sys_Set_Ext_Batt_On_Wakeup_Flag
                        0x08008837     0xe  Code  Gb  system.o [1]
Sys_Set_Gsensor_Wakeup_Flag
                        0x080087eb     0xe  Code  Gb  system.o [1]
Sys_Set_Ignition_Wakeup_Flag
                        0x08008829     0xe  Code  Gb  system.o [1]
Sys_Set_Int_battery_Flag
                        0x08008893     0x8  Code  Gb  system.o [1]
Sys_Set_RTC_Deep_Wakeup_Flag
                        0x08008811     0xe  Code  Gb  system.o [1]
Sys_Set_RTC_Wakeup_Flag
                        0x08008803     0xe  Code  Gb  system.o [1]
Sys_Set_Standby_Req_Flag
                        0x0800885b     0x8  Code  Gb  system.o [1]
SystemInit              0x0800fc8d    0x64  Code  Gb  system_stm32f10x.o [1]
TCP_backup_data         0x200097b4   0x3f0  Data  Gb  ATProtocol.o [1]
TMR_Check_Timers        0x080088c9    0x64  Code  Gb  timer.o [1]
TMR_Get_Pending_Time    0x080089e1    0x36  Code  Gb  timer.o [1]
TMR_Is_Timer_Active     0x0800899d    0x16  Code  Gb  timer.o [1]
TMR_Is_Timer_Running    0x080089b3    0x2e  Code  Gb  timer.o [1]
TMR_Start_Timer         0x0800892d    0x4c  Code  Gb  timer.o [1]
TMR_Stop_Timer          0x08008979    0x24  Code  Gb  timer.o [1]
TelmApp_Get_Upload_state
                        0x08004f99     0x6  Code  Lc  TelmApp.o [1]
TelmApp_Set_Upload_state
                        0x08004f9f     0x6  Code  Lc  TelmApp.o [1]
TelmApp_checkUploadState
                        0x080050a7    0x24  Code  Lc  TelmApp.o [1]
TelmProt_Set_New_OTA    0x08008181     0x6  Code  Gb  TelmProtocol.o [1]
UART4_IRQHandler        0x0800f9b3    0x2e  Code  Gb  stm32f10x_it.o [1]
UART_RX_ISR             0x080044b1    0xd4  Code  Gb  uart.o [1]
UART_Reset_Buf          0x080045a1    0x84  Code  Gb  uart.o [1]
UART_TX_ISR             0x08004447    0x68  Code  Gb  uart.o [1]
USART1_IRQHandler       0x0800f929    0x2e  Code  Gb  stm32f10x_it.o [1]
USART2_IRQHandler       0x0800f957    0x2e  Code  Gb  stm32f10x_it.o [1]
USART3_IRQHandler       0x0800f985    0x2e  Code  Gb  stm32f10x_it.o [1]
USART_Cmd               0x080082b9    0x1c  Code  Gb  stm32f10x_usart.o [1]
USART_GetFlagStatus     0x0800832f    0x1a  Code  Gb  stm32f10x_usart.o [1]
USART_GetITStatus       0x08008349    0x64  Code  Gb  stm32f10x_usart.o [1]
USART_ITConfig          0x080082d5    0x52  Code  Gb  stm32f10x_usart.o [1]
USART_Init              0x080081f9    0xba  Code  Gb  stm32f10x_usart.o [1]
USART_SendData          0x08008327     0x8  Code  Gb  stm32f10x_usart.o [1]
Uart_Get_Char           0x08004161    0xc8  Code  Gb  uart.o [1]
Uart_InitIO             0x08003d0d   0x24a  Code  Gb  uart.o [1]
Uart_Initialize         0x08003f57   0x20a  Code  Gb  uart.o [1]
Uart_Put_Char           0x08004229   0x160  Code  Gb  uart.o [1]
Uint16ToArray           0x08005dc7    0x16  Code  Lc  param.o [1]
Update_OTAHeader        0x08006b61    0x16  Code  Lc  TelmProtocol.o [1]
UsageFault_Handler      0x0800f89d     0xa  Code  Gb  stm32f10x_it.o [1]
Write_GPS_Data          0x080065b5   0x114  Code  Gb  param.o [1]
_PrintfTiny             0x0800a809   0x136  Code  Gb  xprintftiny.o [3]
_Prout                  0x0801091d    0x16  Code  Gb  xprout.o [3]
_SProut                 0x08005257     0xa  Code  Gb  xsprout.o [3]
__BASEPRICONFIG         0x0800ff77          Code  Gb  cortexm3_macro.o [1]
__CHANGE_TO_MSP         0x0800ff0f          Code  Gb  cortexm3_macro.o [1]
__CHANGE_TO_PSP         0x0800ff01          Code  Gb  cortexm3_macro.o [1]
__DMB                   0x0800ff35          Code  Gb  cortexm3_macro.o [1]
__DSB                   0x0800ff2f          Code  Gb  cortexm3_macro.o [1]
__GetBASEPRI            0x0800ff7d          Code  Gb  cortexm3_macro.o [1]
__ISB                   0x0800ff29          Code  Gb  cortexm3_macro.o [1]
__MRS_CONTROL           0x0800ff3f          Code  Gb  cortexm3_macro.o [1]
__MRS_MSP               0x0800ff5b          Code  Gb  cortexm3_macro.o [1]
__MRS_PSP               0x0800ff4f          Code  Gb  cortexm3_macro.o [1]
__MSR_CONTROL           0x0800ff45          Code  Gb  cortexm3_macro.o [1]
__MSR_MSP               0x0800ff61          Code  Gb  cortexm3_macro.o [1]
__MSR_PSP               0x0800ff55          Code  Gb  cortexm3_macro.o [1]
__RESETFAULTMASK        0x0800ff73          Code  Gb  cortexm3_macro.o [1]
__RESETPRIMASK          0x0800ff6b          Code  Gb  cortexm3_macro.o [1]
__REV_HalfWord          0x0800ff83          Code  Gb  cortexm3_macro.o [1]
__REV_Word              0x0800ff87          Code  Gb  cortexm3_macro.o [1]
__SETFAULTMASK          0x0800ff6f          Code  Gb  cortexm3_macro.o [1]
__SETPRIMASK            0x0800ff67          Code  Gb  cortexm3_macro.o [1]
__SEV                   0x0800ff25          Code  Gb  cortexm3_macro.o [1]
__SVC                   0x0800ff3b          Code  Gb  cortexm3_macro.o [1]
__WFE                   0x0800ff21          Code  Gb  cortexm3_macro.o [1]
__WFI                   0x0800ff1d          Code  Gb  cortexm3_macro.o [1]
__aeabi_memclr4         0x0800f189          Code  Gb  ABImemclr4.o [4]
__aeabi_memset          0x080051c5          Code  Gb  ABImemset.o [4]
__cmain                 0x080107a9          Code  Gb  cmain.o [4]
__exit                  0x080107d9          Code  Gb  XXexit.o [4]
__iar_Memset            0x080051c5          Code  Gb  ABImemset.o [4]
__iar_Memset4_word      0x0800f191          Code  Gb  ABImemset48.o [4]
__iar_Memset8_word      0x0800f191          Code  Gb  ABImemset48.o [4]
__iar_Memset_word       0x080051cd          Code  Gb  ABImemset.o [4]
__iar_Stdout            0x20000328    0x40  Data  Gb  xfiles.o [3]
__iar_data_init3        0x080103bd    0x28  Code  Gb  data_init.o [4]
__iar_lz77_init_single3
                        0x0801000d    0x78  Code  Gb  lz77_init_single.o [4]
__iar_program_start     0x08010b1d          Code  Gb  cstartup_M.o [4]
__iar_unaligned___aeabi_memcpy
                        0x08005485          Code  Gb  ABImemcpy_unaligned.o [4]
__iar_unaligned___aeabi_memcpy4
                        0x080054a5          Code  Gb  ABImemcpy_unaligned.o [4]
__iar_unaligned___aeabi_memcpy8
                        0x080054a5          Code  Gb  ABImemcpy_unaligned.o [4]
__iar_unaligned_memcmp  0x0800aa99          Code  Gb  memcmp_unaligned.o [4]
__iar_unaligned_strcmp  0x0800f145          Code  Gb  strcmp_unaligned.o [4]
__iar_unaligned_strcpy  0x0800b02d          Code  Gb  strcpy_unaligned.o [4]
__iar_unaligned_strncpy
                        0x080052bd          Code  Gb  strncpy_unaligned.o [4]
__iar_zero_init3        0x080101e1    0x40  Code  Gb  zero_init3.o [4]
__low_level_init        0x080107c3     0x4  Code  Gb  low_level_init.o [3]
__program_restart       0x08010a35          Code  Gb  startup_stm32f10x_cl.o [1]
__vector_table          0x08002000          Data  Gb  startup_stm32f10x_cl.o [1]
_call_main              0x080107b5          Code  Gb  cmain.o [4]
_exit                   0x080107cd          Code  Gb  cexit.o [4]
_main                   0x080107bf          Code  Gb  cmain.o [4]
acc_status              0x2000c7cb     0x1  Data  Lc  relays.o [1]
ack_from_server         0x2000c7bc     0x1  Data  Lc  ATProtocol.o [1]
ad_13_initialize        0x08008455    0x2c  Code  Lc  stm32f10x_adc.o [1]
ad_13_initialized       0x2000c738     0x4  Data  Lc  stm32f10x_adc.o [1]
ad_1_initialize         0x08008429    0x2c  Code  Lc  stm32f10x_adc.o [1]
ad_1_initialized        0x2000c734     0x4  Data  Lc  stm32f10x_adc.o [1]
adc_initialized_channel
                        0x2000c7a8     0x2  Data  Lc  stm32f10x_adc.o [1]
at_cmd_res              0x2000c7b4     0x1  Data  Lc  ATProtocol.o [1]
backup_list_num         0x2000c7d1     0x1  Data  Lc  TelmApp.o [1]
bits                    0x08010b68     0x8  Data  Gb  gensubs.o [1]
bma253                  0x2000c534    0x18  Data  Lc  bma2x2_app.o [1]
bma2x2_burst_read       0x0800dd25    0x36  Code  Gb  bma2x2.o [1]
bma2x2_get_cal_rdy      0x0800e7f5    0x44  Code  Gb  bma2x2.o [1]
bma2x2_get_fifo_frame_count
                        0x0800de55    0x44  Code  Gb  bma2x2.o [1]
bma2x2_get_intr_stat    0x0800de99    0x32  Code  Gb  bma2x2.o [1]
bma2x2_get_power_mode   0x0800e0b9   0x100  Code  Gb  bma2x2.o [1]
bma2x2_init             0x0800dd5b    0x70  Code  Gb  bma2x2.o [1]
bma2x2_read_reg         0x0800de1d    0x38  Code  Gb  bma2x2.o [1]
bma2x2_rst_intr         0x0800e645    0x5a  Code  Gb  bma2x2.o [1]
bma2x2_set_bw           0x0800df8f   0x12a  Code  Gb  bma2x2.o [1]
bma2x2_set_cal_trigger  0x0800e839    0x56  Code  Gb  bma2x2.o [1]
bma2x2_set_fifo_data_select
                        0x0800ea27    0x9a  Code  Gb  bma2x2.o [1]
bma2x2_set_fifo_mode    0x0800e989    0x9e  Code  Gb  bma2x2.o [1]
bma2x2_set_intr1_fifo_full
                        0x0800e5dd    0x62  Code  Gb  bma2x2.o [1]
bma2x2_set_intr_enable  0x0800e389   0x15a  Code  Gb  bma2x2.o [1]
bma2x2_set_intr_fifo_full
[...]
prvTelmProt_Encode_Backup_GPS::gps_data_tmp
                        0x2000bc50    0x84  Data  Lc  TelmProtocol.o [1]
prvTelmProt_Encode_Backup_GPS::upload_num
                        0x2000c7d3     0x1  Data  Lc  TelmProtocol.o [1]
prvTelmProt_Encode_Backup_GPS::upload_size
                        0x2000c7d4     0x1  Data  Lc  TelmProtocol.o [1]
prvTelmProt_Encode_Batt
                        0x080078a5    0x44  Code  Lc  TelmProtocol.o [1]
prvTelmProt_Encode_Cell_Loc
                        0x0800789f     0x6  Code  Lc  TelmProtocol.o [1]
prvTelmProt_Encode_Chk  0x080074df    0x26  Code  Lc  TelmProtocol.o [1]
prvTelmProt_Encode_Config
                        0x08007b35   0x2cc  Code  Lc  TelmProtocol.o [1]
prvTelmProt_Encode_Crash
                        0x08007e3d    0x2a  Code  Lc  TelmProtocol.o [1]
prvTelmProt_Encode_Dashboard
                        0x08007e9f    0x2c  Code  Lc  TelmProtocol.o [1]
prvTelmProt_Encode_Dev  0x08007505    0x96  Code  Lc  TelmProtocol.o [1]
prvTelmProt_Encode_Drive_Behavior
                        0x080076b9    0x32  Code  Lc  TelmProtocol.o [1]
prvTelmProt_Encode_GPS  0x0800759b   0x11e  Code  Lc  TelmProtocol.o [1]
prvTelmProt_Encode_GPS::gpsInfo
                        0x2000beb4    0x78  Data  Lc  TelmProtocol.o [1]
prvTelmProt_Encode_GPS_Fix
                        0x08007e05    0x38  Code  Lc  TelmProtocol.o [1]
prvTelmProt_Encode_Get_OTA
                        0x080076eb    0x6c  Code  Lc  TelmProtocol.o [1]
prvTelmProt_Encode_Header
                        0x08007ecb   0x1d2  Code  Lc  TelmProtocol.o [1]
prvTelmProt_Encode_Ota_Check
                        0x08007899     0x6  Code  Lc  TelmProtocol.o [1]
prvTelmProt_Encode_Removal
                        0x08007a4b    0xc4  Code  Lc  TelmProtocol.o [1]
prvTelmProt_Encode_Removal::gpsInfo
                        0x2000c01c    0x78  Data  Lc  TelmProtocol.o [1]
prvTelmProt_Encode_Sensor
                        0x08007e67    0x38  Code  Lc  TelmProtocol.o [1]
prvTelmProt_Encode_Sim  0x08007a29    0x22  Code  Lc  TelmProtocol.o [1]
prvTelmProt_Encode_Towing
                        0x0800790b    0xec  Code  Lc  TelmProtocol.o [1]
prvTelmProt_Encode_Towing::gpsInfo
                        0x2000bfa4    0x78  Data  Lc  TelmProtocol.o [1]
prvTelmProt_Encode_Trip
                        0x080078e9    0x22  Code  Lc  TelmProtocol.o [1]
prvTelmProt_ParseActivate
                        0x08007241    0x26  Code  Lc  TelmProtocol.o [1]
prvTelmProt_ParseConfig
                        0x08006b77   0x1e6  Code  Lc  TelmProtocol.o [1]
prvTelmProt_ParseConfig::cfg
                        0x2000c368    0x4c  Data  Lc  TelmProtocol.o [1]
prvTelmProt_ParseConfigReq
                        0x08006d5d    0x28  Code  Lc  TelmProtocol.o [1]
prvTelmProt_ParseData   0x08007287   0x100  Code  Lc  TelmProtocol.o [1]
prvTelmProt_ParseOTA    0x08006d85   0x4bc  Code  Lc  TelmProtocol.o [1]
prvTelmProt_ParseReset  0x08007267    0x20  Code  Lc  TelmProtocol.o [1]
prvTelmProt_getPackageLen
                        0x08006b13    0x30  Code  Lc  TelmProtocol.o [1]
prvTelmProt_parse_header
                        0x0800809d    0xa6  Code  Lc  TelmProtocol.o [1]
prvUnlockQueue          0x0800d6f7    0x6a  Code  Lc  queue.o [1]
ps_cs_awake             0x0800961f    0x54  Code  Lc  Psync.o [1]
ps_cs_eng_on            0x08009673    0x8a  Code  Lc  Psync.o [1]
ps_cs_idle              0x080095ff    0x20  Code  Lc  Psync.o [1]
ps_cs_root              0x080095fb     0x4  Code  Lc  Psync.o [1]
ps_data                 0x2000c660     0xc  Data  Lc  Psync.o [1]
ps_entry_awake          0x08009525    0x84  Code  Lc  Psync.o [1]
ps_entry_eng_on         0x080095a9    0x1e  Code  Lc  Psync.o [1]
ps_entry_idle           0x08009511    0x14  Code  Lc  Psync.o [1]
ps_entry_root           0x080094ff    0x12  Code  Lc  Psync.o [1]
ps_exit_awake           0x080095c7    0x12  Code  Lc  Psync.o [1]
ps_exit_eng_on          0x080095d9    0x22  Code  Lc  Psync.o [1]
ps_start_action         0x080094e9    0x16  Code  Lc  Psync.o [1]
putchar                 0x08010935     0xc  Code  Gb  putchar.o [3]
pvPortMalloc            0x0800aafd    0xd2  Code  Gb  heap_2.o [1]
pvPortMalloc::xHeapHasBeenInitialised
                        0x2000c6fc     0x4  Data  Lc  heap_2.o [1]
pwr_int_bat_charge_request
                        0x2000c7a0     0x2  Data  Lc  powerfail.o [1]
pxCurrentTCB            0x2000c74c     0x4  Data  Gb  tasks.o [1]
pxDelayedTaskList       0x2000c750     0x4  Data  Lc  tasks.o [1]
pxOverflowDelayedTaskList
                        0x2000c754     0x4  Data  Lc  tasks.o [1]
pxPortInitialiseStack   0x0800a941    0x1a  Code  Gb  port.o [1]
pxReadyTasksLists       0x2000c16c    0x64  Data  Lc  tasks.o [1]
pxResources             0x2000c518    0x1c  Data  Lc  rtos.o [1]
pxTaskHandle            0x2000c4f8    0x20  Data  Lc  rtos.o [1]
pxTaskQueue             0x2000c4d8    0x20  Data  Lc  rtos.o [1]
record_check            0x0800c7d5   0x166  Code  Lc  record_task.o [1]
record_check::gps_record_count
                        0x2000c7ca     0x1  Data  Lc  record_task.o [1]
record_event_handler    0x20000280    0x18  Data  Lc  record_task.o [1]
record_save_current_pos
                        0x0800c767    0x6c  Code  Lc  record_task.o [1]
record_save_current_pos::gpsInfo
                        0x2000be3c    0x78  Data  Lc  record_task.o [1]
ref_cal                 0x2000c744     0x4  Data  Lc  stm32f10x_rtc.o [1]
ref_rtc                 0x2000c700     0x4  Data  Lc  param.o [1]
ref_start               0x2000c740     0x4  Data  Lc  stm32f10x_rtc.o [1]
resource_init           0x08010a04    0x10  Data  Lc  rtos.o [1]
rl_awake_to_idle        0x08004a55    0xa2  Code  Lc  relays.o [1]
rl_check                0x080049c9    0x5c  Code  Lc  relays.o [1]
rl_check_wake_up        0x08004b95    0x12  Code  Lc  relays.o [1]
rl_configure_idle_hook  0x080048ab     0x2  Code  Lc  relays.o [1]
rl_configure_micro_for_idle
                        0x080048ad    0x10  Code  Lc  relays.o [1]
rl_cs_awake             0x08004a33    0x22  Code  Lc  relays.o [1]
rl_cs_idle              0x08004af7    0x44  Code  Lc  relays.o [1]
rl_current_state        0x08010aa4     0xc  Data  Lc  relays.o [1]
rl_data                 0x2000c7cc     0x1  Data  Lc  relays.o [1]
rl_delay_without_schedule
                        0x08004b3b    0x28  Code  Gb  relays.o [1]
rl_finish_awake_sequence_hook
                        0x080048bd    0x2a  Code  Lc  relays.o [1]
rl_get_acc_status       0x08004cc9     0x6  Code  Gb  relays.o [1]
rl_get_rtc_timeout      0x08004ca9     0x6  Code  Gb  relays.o [1]
rl_gps_pwr_up           0x2000c72c     0x4  Data  Lc  relays.o [1]
rl_idle_to_awake        0x08004a25     0xe  Code  Lc  relays.o [1]
rl_not_awake_IO         0x08004839    0x72  Code  Lc  relays.o [1]
rl_reset                0x08004cbb     0xe  Code  Gb  relays.o [1]
rl_rtc_config           0x08004bb3    0xae  Code  Lc  relays.o [1]
rl_rtc_disable          0x08004c61    0x48  Code  Gb  relays.o [1]
rl_set_acc_status       0x08004ccf     0x6  Code  Gb  relays.o [1]
rl_set_low_batt_sleep   0x08004cb5     0x6  Code  Gb  relays.o [1]
rl_set_rtc_timeout      0x08004caf     0x6  Code  Gb  relays.o [1]
rl_timer                0x2000c638    0x10  Data  Lc  relays.o [1]
rl_wait_for_tasks_to_suspend
                        0x08004b63    0x32  Code  Lc  relays.o [1]
rl_wake_up              0x08004935    0x54  Code  Lc  relays.o [1]
rl_wake_up_requested    0x2000c728     0x4  Data  Lc  relays.o [1]
rtc_inited              0x2000c7c4     0x1  Data  Lc  param.o [1]
rtc_timeout             0x20000374     0x4  Data  Gb  relays.o [1]
rtc_timer               0x2000c66c     0xc  Data  Gb  stm32f10x_rtc.o [1]
rx_char_count           0x2000c798     0x2  Data  Lc  ATProtocol.o [1]
rx_pending_status       0x2000c7b8     0x1  Data  Lc  ATProtocol.o [1]
sFLASH_EraseSector      0x0800acf7    0x50  Code  Gb  spi_flash.o [1]
sFLASH_Init             0x0800ac93    0x64  Code  Gb  spi_flash.o [1]
sFLASH_LowLevel_Init    0x0800ac25    0x6e  Code  Lc  spi_flash.o [1]
sFLASH_ReadBuffer       0x0800aefb    0x60  Code  Gb  spi_flash.o [1]
sFLASH_SendByte         0x0800af5b    0x32  Code  Gb  spi_flash.o [1]
sFLASH_WaitForWriteEnd  0x0800afa7    0x28  Code  Gb  spi_flash.o [1]
sFLASH_WriteBuffer      0x0800ad9b   0x160  Code  Gb  spi_flash.o [1]
sFLASH_WriteEnable      0x0800af8d    0x1a  Code  Gb  spi_flash.o [1]
sFLASH_WritePage        0x0800ad47    0x54  Code  Gb  spi_flash.o [1]
send_retries            0x2000c792     0x2  Data  Lc  ATApp.o [1]
sensor_event_handler    0x20000298     0x8  Data  Lc  Sensors.o [1]
sms_rx_mode             0x2000c7bb     0x1  Data  Lc  ATProtocol.o [1]
sprintf                 0x08005d7d    0x34  Code  Gb  sprintf.o [3]
store_gps_buf           0x0800b12b    0xaa  Code  Lc  gps.o [1]
strlen                  0x08005285          Code  Gb  strlen.o [4]
strncmp                 0x0800522b    0x2c  Code  Gb  strncmp.o [3]
sys_2g_request_flag     0x20000385     0x1  Data  Gb  system.o [1]
sys_get_cur_sec_offset  0x0800625b   0x196  Code  Gb  param.o [1]
sys_get_sec_offset      0x08006091   0x1ca  Code  Gb  param.o [1]
sys_int_battery_used_flag
                        0x20000386     0x1  Data  Gb  system.o [1]
sys_sleep_request_flag  0x20000380     0x4  Data  Gb  system.o [1]
sys_wakeup_src_flags    0x2000037c     0x4  Data  Gb  system.o [1]
tcom_event_handler      0x20000194    0x3c  Data  Lc  GPRS.o [1]
tcom_frame_tx_attempts  0x2000c7b5     0x1  Data  Lc  ATProtocol.o [1]
tcom_month_tab          0x08010254    0x30  Data  Lc  param.o [1]
tcom_receiving_frame    0x2000c6d4     0x4  Data  Lc  ATProtocol.o [1]
tcom_rx_buffer          0x200087b0   0x5dc  Data  Lc  ATProtocol.o [1]
tcom_tx_buffer          0x20009ba4   0x3e8  Data  Lc  ATProtocol.o [1]
tcom_tx_num_bytes       0x2000c794     0x2  Data  Lc  ATProtocol.o [1]
tcom_tx_queue           0x2000c694     0x8  Data  Lc  ATProtocol.o [1]
tcp_mode_Timeout_timer  0x2000c6d8     0x4  Data  Lc  ATProtocol.o [1]
tcp_rx_comma_pos        0x2000c7b9     0x1  Data  Lc  ATProtocol.o [1]
tcp_rx_len              0x2000c796     0x2  Data  Lc  ATProtocol.o [1]
tcp_tx_mode             0x2000c7ba     0x1  Data  Lc  ATProtocol.o [1]
telematics_module_pwr_on
                        0x2000c6e4     0x4  Data  Lc  GPRS.o [1]
telematics_module_upgrade_state
                        0x2000c6e8     0x4  Data  Lc  GPRS.o [1]
telematics_ota_check_request
                        0x20000004     0x4  Data  Lc  ATApp.o [1]
telm_app_server_ack_timer
                        0x2000c784     0x4  Data  Lc  TelmApp.o [1]
telm_app_upload_retrytimes
                        0x2000c7cf     0x1  Data  Lc  TelmApp.o [1]
telm_command_queue      0x2000c3fc    0x30  Data  Lc  TelmApp.o [1]
telm_info_encode_table  0x08010118    0x48  Data  Lc  TelmProtocol.o [1]
telm_last_command       0x2000c678     0xc  Data  Lc  TelmProtocol.o [1]
telm_queue              0x200002b8    0x18  Data  Lc  TelmApp.o [1]
telm_server_ack         0x2000c7cd     0x1  Data  Lc  TelmApp.o [1]
telm_server_ack_result  0x2000c7ce     0x1  Data  Lc  TelmApp.o [1]
telm_upload_state       0x2000c7d0     0x1  Data  Lc  TelmApp.o [1]
tmr_array               0x2000b9dc    0xc0  Data  Lc  timer.o [1]
total_sms_num           0x2000c7be     0x1  Data  Lc  ATProtocol.o [1]
tree_psync              0x080101a0    0x40  Data  Gb  Psync.o [1]
trip_distance           0x2000c6f0     0x4  Data  Lc  gps.o [1]
trip_info               0x2000c4b8    0x20  Data  Lc  record_task.o [1]
trip_start_flag         0x2000c6f4     0x4  Data  Lc  gps.o [1]
uDelay                  0x0800d315    0x48  Code  Gb  delay.o [1]
uDelay::i               0x2000c6e0     0x4  Data  Lc  delay.o [1]
u_do_tx                 0x08004389    0xbe  Code  Lc  uart.o [1]
uart0_rx_buf            0x2000ba9c    0x98  Data  Lc  uart.o [1]
uart0_tx_buf            0x2000bb34    0x98  Data  Lc  uart.o [1]
uart1_rx_buf            0x20009368   0x44c  Data  Lc  uart.o [1]
uart1_tx_buf            0x2000a374   0x3e8  Data  Lc  uart.o [1]
uart2_rx_buf            0x2000b144   0x258  Data  Lc  uart.o [1]
uart2_tx_buf            0x2000c1d0    0x64  Data  Lc  uart.o [1]
uart3_rx_buf            0x2000c5f0    0x14  Data  Lc  uart.o [1]
uart3_tx_buf            0x2000c604    0x14  Data  Lc  uart.o [1]
uart_chan               0x2000c094    0x70  Data  Gb  uart.o [1]
uart_initialize_hook    0x08004585    0x1c  Code  Lc  uart.o [1]
ulPortSetInterruptMask  0x080083e3          Code  Gb  portasm.o [1]
uploadDataTable         0x200002d0    0x58  Data  Lc  TelmApp.o [1]
upload_info_req_queue   0x2000a75c   0x2e0  Data  Lc  TelmApp.o [1]
uxCriticalNesting       0x20000254     0x4  Data  Lc  port.o [1]
uxCurrentNumberOfTasks  0x2000c75c     0x4  Data  Lc  tasks.o [1]
uxListRemove            0x0800aa73    0x26  Code  Gb  list.o [1]
uxMissedTicks           0x2000c774     0x4  Data  Lc  tasks.o [1]
uxSchedulerSuspended    0x2000c770     0x4  Data  Lc  tasks.o [1]
uxTaskNumber            0x2000c780     0x4  Data  Lc  tasks.o [1]
uxTasksDeleted          0x2000c758     0x4  Data  Lc  tasks.o [1]
uxTopReadyPriority      0x2000c768     0x4  Data  Lc  tasks.o [1]
uxTopUsedPriority       0x2000c764     0x4  Data  Lc  tasks.o [1]
vATApp_Conn_Wait_Timeout
                        0x0800c42d    0x12  Code  Lc  ATApp.o [1]
vATApp_GoSleep          0x0800c43f     0x2  Code  Gb  ATApp.o [1]
vATApp_IPSEND_Excute    0x0800c441    0x34  Code  Gb  ATApp.o [1]
vATApp_Init             0x0800c259    0x3a  Code  Gb  ATApp.o [1]
vATApp_Init_Active_Check
                        0x0800c475     0x2  Code  Gb  ATApp.o [1]
vATApp_Loop_Check       0x0800c29b   0x13a  Code  Gb  ATApp.o [1]
vATApp_Restart_OTA_Check
                        0x0800c477     0x8  Code  Gb  ATApp.o [1]
vATApp_Retry_Clear      0x0800c293     0x8  Code  Lc  ATApp.o [1]
vATProt_Check_Receive   0x080022f7    0x1a  Code  Gb  ATProtocol.o [1]
vATProt_Check_Transmit  0x08002261    0x96  Code  Gb  ATProtocol.o [1]
vATProt_Com_Reset       0x08002253     0xc  Code  Gb  ATProtocol.o [1]
vATProt_Get_TCP_State   0x08003b93     0x8  Code  Gb  ATProtocol.o [1]
vATProt_GoSleep         0x08002205    0x4e  Code  Gb  ATProtocol.o [1]
vATProt_Init            0x08002151    0x2a  Code  Gb  ATProtocol.o [1]
vATProt_Power_Off       0x080021bb    0x42  Code  Gb  ATProtocol.o [1]
vATProt_Power_On        0x0800217b    0x40  Code  Gb  ATProtocol.o [1]
vATProt_Set_Rxtype      0x08003b9b     0x8  Code  Gb  ATProtocol.o [1]
vATProt_Set_TCP_State   0x08003b63    0x30  Code  Gb  ATProtocol.o [1]
vATProt_sendAT_Command  0x08002319     0xa  Code  Gb  ATProtocol.o [1]
vApplicationIdleHook    0x08008ce9     0x8  Code  Gb  rtos.o [1]
vApplicationStackOverflowHook
                        0x08008ce7     0x2  Code  Gb  rtos.o [1]
vApplicationStartHook   0x08008d01    0x12  Code  Gb  rtos.o [1]
vApplicationTickHook    0x08008cf1    0x10  Code  Gb  rtos.o [1]
vGps_Get_Gps_Info       0x0800b0ff    0x12  Code  Gb  gps.o [1]
vGps_Get_Gps_Status     0x0800b0f7     0x8  Code  Gb  gps.o [1]
vGps_Get_Gps_Utc        0x0800b111    0x1a  Code  Gb  gps.o [1]
vListInitialise         0x0800a9fd    0x1e  Code  Gb  list.o [1]
vListInitialiseItem     0x0800aa1b     0x6  Code  Gb  list.o [1]
vListInsert             0x0800aa3d    0x36  Code  Gb  list.o [1]
vListInsertEnd          0x0800aa21    0x1c  Code  Gb  list.o [1]
vPortClearInterruptMask
                        0x080083f1          Code  Gb  portasm.o [1]
vPortEnterCritical      0x0800a995    0x12  Code  Gb  port.o [1]
vPortExitCritical       0x0800a9a7    0x1c  Code  Gb  port.o [1]
vPortFree               0x0800abcf    0x3c  Code  Gb  heap_2.o [1]
vPortSVCHandler         0x080083f7          Code  Gb  portasm.o [1]
vPortSetupTimerInterrupt
                        0x0800a9e5    0x18  Code  Wk  port.o [1]
vPortStartFirstTask     0x08008413          Code  Gb  portasm.o [1]
vPortYieldFromISR       0x0800a98b     0xa  Code  Gb  port.o [1]
vTaskDelay              0x08005621    0x36  Code  Gb  tasks.o [1]
vTaskIncrementTick      0x08005807   0x118  Code  Gb  tasks.o [1]
vTaskMissedYield        0x08005ae5     0x8  Code  Gb  tasks.o [1]
vTaskPlaceOnEventList   0x080059dd    0x40  Code  Gb  tasks.o [1]
vTaskPriorityDisinherit
                        0x08005cdd    0x44  Code  Gb  tasks.o [1]
vTaskPriorityInherit    0x08005c73    0x6a  Code  Gb  tasks.o [1]
vTaskSetTimeOutState    0x08005a79     0xe  Code  Gb  tasks.o [1]
vTaskStartScheduler     0x080056cf    0x44  Code  Gb  tasks.o [1]
vTaskSuspend            0x08005657    0x78  Code  Gb  tasks.o [1]
vTaskSuspendAll         0x08005713    0x10  Code  Gb  tasks.o [1]
vTaskSwitchContext      0x0800591f    0xbe  Code  Gb  tasks.o [1]
vTaskSwitchContext{1}{3}{6}::ucExpectedStackBytes
                        0x08010990    0x14  Data  Lc  tasks.o [1]
vTelmApp_AT_Var_Reset   0x08004d45    0x12  Code  Gb  TelmApp.o [1]
vTelmApp_Backup_Msg     0x08004f71    0x28  Code  Gb  TelmApp.o [1]
vTelmApp_Inform_Upload_Result
                        0x08004fa5    0x34  Code  Gb  TelmApp.o [1]
vTelmApp_main_loop      0x080050cb    0x10  Code  Gb  TelmApp.o [1]
vTelmApp_uploadData     0x08004d71    0x30  Code  Gb  TelmApp.o [1]
vTelmProt_UploadInfo    0x08006a49    0x7c  Code  Gb  TelmProtocol.o [1]
vTelmProt_informData    0x08006ac5    0x4e  Code  Gb  TelmProtocol.o [1]
voltage_data            0x20000258    0x28  Data  Lc  powerfail.o [1]
voltage_limits          0x0801097c    0x14  Data  Lc  powerfail.o [1]
wkup_enable             0x2000c7c2     0x1  Data  Lc  lowpower.o [1]
write_flash_last_pos    0x080050df     0x2  Code  Gb  TelmApp.o [1]
xDelayedTaskList1       0x2000c578    0x14  Data  Lc  tasks.o [1]
xDelayedTaskList2       0x2000c58c    0x14  Data  Lc  tasks.o [1]
xEnd                    0x2000c6b4     0x8  Data  Lc  heap_2.o [1]
xFreeBytesRemaining     0x200001f4     0x4  Data  Lc  heap_2.o [1]
xHeap                   0x20000788  0x5800  Data  Lc  heap_2.o [1]
xMissedYield            0x2000c778     0x4  Data  Lc  tasks.o [1]
xNextTaskUnblockTime    0x200002b4     0x4  Data  Lc  tasks.o [1]
xNumOfOverflows         0x2000c77c     0x4  Data  Lc  tasks.o [1]
xPendingReadyList       0x2000c5a0    0x14  Data  Lc  tasks.o [1]
xPortPendSVHandler      0x080083ad          Code  Gb  portasm.o [1]
xPortStartScheduler     0x0800a95b    0x30  Code  Gb  port.o [1]
xPortSysTickHandler     0x0800a9d1    0x12  Code  Gb  port.o [1]
xQueueCreateCountingSemaphore
                        0x0800d40d    0x14  Code  Gb  queue.o [1]
xQueueGenericCreate     0x0800d3c9    0x44  Code  Gb  queue.o [1]
xQueueGenericReceive    0x0800d54f   0x110  Code  Gb  queue.o [1]
xQueueGenericReset      0x0800d35d    0x6c  Code  Gb  queue.o [1]
xQueueGenericSend       0x0800d421    0xce  Code  Gb  queue.o [1]
xQueueGenericSendFromISR
                        0x0800d4ef    0x60  Code  Gb  queue.o [1]
xSchedulerRunning       0x2000c76c     0x4  Data  Lc  tasks.o [1]
xStart                  0x2000c6ac     0x8  Data  Lc  heap_2.o [1]
xSuspendedTaskList      0x2000c5c8    0x14  Data  Lc  tasks.o [1]
xTaskCheckForTimeOut    0x08005a87    0x5e  Code  Gb  tasks.o [1]
xTaskGenericCreate      0x080054fd   0x124  Code  Gb  tasks.o [1]
xTaskGetCurrentTaskHandle
                        0x08005c6d     0x6  Code  Gb  tasks.o [1]
xTaskGetTickCountFromISR
                        0x080057f3    0x14  Code  Gb  tasks.o [1]
xTaskRemoveFromEventList
                        0x08005a1d    0x5c  Code  Gb  tasks.o [1]
xTaskResumeAll          0x08005723    0xd0  Code  Gb  tasks.o [1]
xTasksWaitingTermination
                        0x2000c5b4    0x14  Data  Lc  tasks.o [1]
xTickCount              0x2000c760     0x4  Data  Lc  tasks.o [1]


[1] = D:\workspace\dr002\dr002_suming\v1_board\CORTEX_STM32F103_IAR\Debug\Obj
[2] = command line
[3] = dl7M_tlf.a
[4] = rt7M_tl.a

  55 348 bytes of readonly  code memory
   5 831 bytes of readonly  data memory
  51 154 bytes of readwrite data memory

Errors: none
Warnings: none
